2025-07-11 14:46:54,866 3396 INFO ? odoo: Odoo version 16.0-20250710 
2025-07-11 14:46:54,866 3396 INFO ? odoo: Using configuration file at C:\Program Files\Odoo 16.0.20250710\server\odoo.conf 
2025-07-11 14:46:54,866 3396 INFO ? odoo: addons paths: ['C:\\Program Files\\Odoo 16.0.20250710\\server\\odoo\\addons', 'c:\\program files\\odoo 16.0.20250710\\sessions\\addons\\16.0', 'c:\\program files\\odoo 16.0.20250710\\server\\odoo\\addons'] 
2025-07-11 14:46:54,866 3396 INFO ? odoo: database: openpg@localhost:5432 
2025-07-11 14:46:55,464 3396 INFO ? odoo.addons.base.models.ir_actions_report: Will use the Wkhtmltopdf binary at C:\Program Files\Odoo 16.0.20250710\thirdparty\wkhtmltopdf.exe 
2025-07-11 14:46:57,089 3396 INFO ? odoo.service.server: Initiating shutdown 
2025-07-11 14:46:57,092 3396 INFO ? odoo.service.server: Hit CTRL-C again or send a second signal to force the shutdown. 
2025-07-11 14:47:21,034 6664 INFO ? odoo: Odoo version 16.0-20250710 
2025-07-11 14:47:21,034 6664 INFO ? odoo: Using configuration file at C:\Program Files\Odoo 16.0.20250710\server\odoo.conf 
2025-07-11 14:47:21,034 6664 INFO ? odoo: addons paths: ['C:\\Program Files\\Odoo 16.0.20250710\\server\\odoo\\addons', 'c:\\program files\\odoo 16.0.20250710\\sessions\\addons\\16.0', 'c:\\program files\\odoo 16.0.20250710\\server\\odoo\\addons'] 
2025-07-11 14:47:21,034 6664 INFO ? odoo: database: openpg@localhost:5432 
2025-07-11 14:47:21,194 6664 INFO ? odoo.addons.base.models.ir_actions_report: Will use the Wkhtmltopdf binary at C:\Program Files\Odoo 16.0.20250710\thirdparty\wkhtmltopdf.exe 
2025-07-11 14:47:21,432 6664 INFO ? odoo.service.server: HTTP service (werkzeug) running on DESKTOP-JS0E446.Home:8069 
2025-07-11 15:00:48,204 4376 INFO ? odoo: Odoo version 16.0-20250710 
2025-07-11 15:00:48,204 4376 INFO ? odoo: Using configuration file at C:\Program Files\Odoo 16.0.20250710\server\odoo.conf 
2025-07-11 15:00:48,204 4376 INFO ? odoo: addons paths: ['C:\\Program Files\\Odoo 16.0.20250710\\server\\odoo\\addons', 'c:\\program files\\odoo 16.0.20250710\\sessions\\addons\\16.0', 'c:\\program files\\odoo 16.0.20250710\\server\\odoo\\addons'] 
2025-07-11 15:00:48,204 4376 INFO ? odoo: database: openpg@localhost:5432 
2025-07-11 15:00:48,491 4376 INFO ? odoo.addons.base.models.ir_actions_report: Will use the Wkhtmltopdf binary at C:\Program Files\Odoo 16.0.20250710\thirdparty\wkhtmltopdf.exe 
2025-07-11 15:00:48,955 4376 INFO ? odoo.service.server: HTTP service (werkzeug) running on DESKTOP-JS0E446:8069 
2025-07-11 15:02:16,634 4376 ERROR ? odoo.http: Exception during request handling. 
Traceback (most recent call last):
  File "C:\Program Files\Odoo 16.0.20250710\server\odoo\http.py", line 2230, in __call__
    request._post_init()
  File "C:\Program Files\Odoo 16.0.20250710\server\odoo\http.py", line 1399, in _post_init
    self.session, self.db = self._get_session_and_dbname()
                            ^^^^^^^^^^^^^^^^^^^^^^^^^^^^^^
  File "C:\Program Files\Odoo 16.0.20250710\server\odoo\http.py", line 1420, in _get_session_and_dbname
    all_dbs = db_list(force=True, host=host)
              ^^^^^^^^^^^^^^^^^^^^^^^^^^^^^^
  File "C:\Program Files\Odoo 16.0.20250710\server\odoo\http.py", line 319, in db_list
    dbs = odoo.service.db.list_dbs(force)
          ^^^^^^^^^^^^^^^^^^^^^^^^^^^^^^^
  File "C:\Program Files\Odoo 16.0.20250710\server\odoo\service\db.py", line 407, in list_dbs
    with closing(db.cursor()) as cr:
                 ^^^^^^^^^^^
  File "C:\Program Files\Odoo 16.0.20250710\server\odoo\sql_db.py", line 752, in cursor
    return Cursor(self.__pool, self.__dbname, self.__dsn)
           ^^^^^^^^^^^^^^^^^^^^^^^^^^^^^^^^^^^^^^^^^^^^^^
  File "C:\Program Files\Odoo 16.0.20250710\server\odoo\sql_db.py", line 267, in __init__
    self._cnx = pool.borrow(dsn)
                ^^^^^^^^^^^^^^^^
  File "<decorator-gen-2>", line 2, in borrow
  File "C:\Program Files\Odoo 16.0.20250710\server\odoo\tools\func.py", line 87, in locked
    return func(inst, *args, **kwargs)
           ^^^^^^^^^^^^^^^^^^^^^^^^^^^
  File "C:\Program Files\Odoo 16.0.20250710\server\odoo\sql_db.py", line 679, in borrow
    result = psycopg2.connect(
             ^^^^^^^^^^^^^^^^^
  File "C:\Program Files\Odoo 16.0.20250710\python\Lib\site-packages\psycopg2\__init__.py", line 122, in connect
    conn = _connect(dsn, connection_factory=connection_factory, **kwasync)
           ^^^^^^^^^^^^^^^^^^^^^^^^^^^^^^^^^^^^^^^^^^^^^^^^^^^^^^^^^^^^^^^
UnicodeDecodeError: 'utf-8' codec can't decode byte 0xf3 in position 85: invalid continuation byte
2025-07-11 15:02:16,647 4376 INFO ? werkzeug: 127.0.0.1 - - [11/Jul/2025 15:02:16] "GET / HTTP/1.1" 500 - 0 0.000 1.539
2025-07-11 15:02:21,668 4376 ERROR ? odoo.http: Exception during request handling. 
Traceback (most recent call last):
  File "C:\Program Files\Odoo 16.0.20250710\server\odoo\http.py", line 2230, in __call__
    request._post_init()
  File "C:\Program Files\Odoo 16.0.20250710\server\odoo\http.py", line 1399, in _post_init
    self.session, self.db = self._get_session_and_dbname()
                            ^^^^^^^^^^^^^^^^^^^^^^^^^^^^^^
  File "C:\Program Files\Odoo 16.0.20250710\server\odoo\http.py", line 1420, in _get_session_and_dbname
    all_dbs = db_list(force=True, host=host)
              ^^^^^^^^^^^^^^^^^^^^^^^^^^^^^^
  File "C:\Program Files\Odoo 16.0.20250710\server\odoo\http.py", line 319, in db_list
    dbs = odoo.service.db.list_dbs(force)
          ^^^^^^^^^^^^^^^^^^^^^^^^^^^^^^^
  File "C:\Program Files\Odoo 16.0.20250710\server\odoo\service\db.py", line 407, in list_dbs
    with closing(db.cursor()) as cr:
                 ^^^^^^^^^^^
  File "C:\Program Files\Odoo 16.0.20250710\server\odoo\sql_db.py", line 752, in cursor
    return Cursor(self.__pool, self.__dbname, self.__dsn)
           ^^^^^^^^^^^^^^^^^^^^^^^^^^^^^^^^^^^^^^^^^^^^^^
  File "C:\Program Files\Odoo 16.0.20250710\server\odoo\sql_db.py", line 267, in __init__
    self._cnx = pool.borrow(dsn)
                ^^^^^^^^^^^^^^^^
  File "<decorator-gen-2>", line 2, in borrow
  File "C:\Program Files\Odoo 16.0.20250710\server\odoo\tools\func.py", line 87, in locked
    return func(inst, *args, **kwargs)
           ^^^^^^^^^^^^^^^^^^^^^^^^^^^
  File "C:\Program Files\Odoo 16.0.20250710\server\odoo\sql_db.py", line 679, in borrow
    result = psycopg2.connect(
             ^^^^^^^^^^^^^^^^^
  File "C:\Program Files\Odoo 16.0.20250710\python\Lib\site-packages\psycopg2\__init__.py", line 122, in connect
    conn = _connect(dsn, connection_factory=connection_factory, **kwasync)
           ^^^^^^^^^^^^^^^^^^^^^^^^^^^^^^^^^^^^^^^^^^^^^^^^^^^^^^^^^^^^^^^
UnicodeDecodeError: 'utf-8' codec can't decode byte 0xf3 in position 85: invalid continuation byte
2025-07-11 15:02:21,670 4376 INFO ? werkzeug: 127.0.0.1 - - [11/Jul/2025 15:02:21] "GET /favicon.ico HTTP/1.1" 500 - 0 0.000 0.128
2025-07-11 15:04:02,316 4376 ERROR ? odoo.http: Exception during request handling. 
Traceback (most recent call last):
  File "C:\Program Files\Odoo 16.0.20250710\server\odoo\http.py", line 2230, in __call__
    request._post_init()
  File "C:\Program Files\Odoo 16.0.20250710\server\odoo\http.py", line 1399, in _post_init
    self.session, self.db = self._get_session_and_dbname()
                            ^^^^^^^^^^^^^^^^^^^^^^^^^^^^^^
  File "C:\Program Files\Odoo 16.0.20250710\server\odoo\http.py", line 1420, in _get_session_and_dbname
    all_dbs = db_list(force=True, host=host)
              ^^^^^^^^^^^^^^^^^^^^^^^^^^^^^^
  File "C:\Program Files\Odoo 16.0.20250710\server\odoo\http.py", line 319, in db_list
    dbs = odoo.service.db.list_dbs(force)
          ^^^^^^^^^^^^^^^^^^^^^^^^^^^^^^^
  File "C:\Program Files\Odoo 16.0.20250710\server\odoo\service\db.py", line 407, in list_dbs
    with closing(db.cursor()) as cr:
                 ^^^^^^^^^^^
  File "C:\Program Files\Odoo 16.0.20250710\server\odoo\sql_db.py", line 752, in cursor
    return Cursor(self.__pool, self.__dbname, self.__dsn)
           ^^^^^^^^^^^^^^^^^^^^^^^^^^^^^^^^^^^^^^^^^^^^^^
  File "C:\Program Files\Odoo 16.0.20250710\server\odoo\sql_db.py", line 267, in __init__
    self._cnx = pool.borrow(dsn)
                ^^^^^^^^^^^^^^^^
  File "<decorator-gen-2>", line 2, in borrow
  File "C:\Program Files\Odoo 16.0.20250710\server\odoo\tools\func.py", line 87, in locked
    return func(inst, *args, **kwargs)
           ^^^^^^^^^^^^^^^^^^^^^^^^^^^
  File "C:\Program Files\Odoo 16.0.20250710\server\odoo\sql_db.py", line 679, in borrow
    result = psycopg2.connect(
             ^^^^^^^^^^^^^^^^^
  File "C:\Program Files\Odoo 16.0.20250710\python\Lib\site-packages\psycopg2\__init__.py", line 122, in connect
    conn = _connect(dsn, connection_factory=connection_factory, **kwasync)
           ^^^^^^^^^^^^^^^^^^^^^^^^^^^^^^^^^^^^^^^^^^^^^^^^^^^^^^^^^^^^^^^
UnicodeDecodeError: 'utf-8' codec can't decode byte 0xf3 in position 85: invalid continuation byte
2025-07-11 15:04:02,317 4376 INFO ? werkzeug: 127.0.0.1 - - [11/Jul/2025 15:04:02] "GET / HTTP/1.1" 500 - 0 0.000 0.078
2025-07-11 15:04:02,558 4376 ERROR ? odoo.http: Exception during request handling. 
Traceback (most recent call last):
  File "C:\Program Files\Odoo 16.0.20250710\server\odoo\http.py", line 2230, in __call__
    request._post_init()
  File "C:\Program Files\Odoo 16.0.20250710\server\odoo\http.py", line 1399, in _post_init
    self.session, self.db = self._get_session_and_dbname()
                            ^^^^^^^^^^^^^^^^^^^^^^^^^^^^^^
  File "C:\Program Files\Odoo 16.0.20250710\server\odoo\http.py", line 1420, in _get_session_and_dbname
    all_dbs = db_list(force=True, host=host)
              ^^^^^^^^^^^^^^^^^^^^^^^^^^^^^^
  File "C:\Program Files\Odoo 16.0.20250710\server\odoo\http.py", line 319, in db_list
    dbs = odoo.service.db.list_dbs(force)
          ^^^^^^^^^^^^^^^^^^^^^^^^^^^^^^^
  File "C:\Program Files\Odoo 16.0.20250710\server\odoo\service\db.py", line 407, in list_dbs
    with closing(db.cursor()) as cr:
                 ^^^^^^^^^^^
  File "C:\Program Files\Odoo 16.0.20250710\server\odoo\sql_db.py", line 752, in cursor
    return Cursor(self.__pool, self.__dbname, self.__dsn)
           ^^^^^^^^^^^^^^^^^^^^^^^^^^^^^^^^^^^^^^^^^^^^^^
  File "C:\Program Files\Odoo 16.0.20250710\server\odoo\sql_db.py", line 267, in __init__
    self._cnx = pool.borrow(dsn)
                ^^^^^^^^^^^^^^^^
  File "<decorator-gen-2>", line 2, in borrow
  File "C:\Program Files\Odoo 16.0.20250710\server\odoo\tools\func.py", line 87, in locked
    return func(inst, *args, **kwargs)
           ^^^^^^^^^^^^^^^^^^^^^^^^^^^
  File "C:\Program Files\Odoo 16.0.20250710\server\odoo\sql_db.py", line 679, in borrow
    result = psycopg2.connect(
             ^^^^^^^^^^^^^^^^^
  File "C:\Program Files\Odoo 16.0.20250710\python\Lib\site-packages\psycopg2\__init__.py", line 122, in connect
    conn = _connect(dsn, connection_factory=connection_factory, **kwasync)
           ^^^^^^^^^^^^^^^^^^^^^^^^^^^^^^^^^^^^^^^^^^^^^^^^^^^^^^^^^^^^^^^
UnicodeDecodeError: 'utf-8' codec can't decode byte 0xf3 in position 85: invalid continuation byte
2025-07-11 15:04:02,558 4376 INFO ? werkzeug: 127.0.0.1 - - [11/Jul/2025 15:04:02] "GET /favicon.ico HTTP/1.1" 500 - 0 0.000 0.192
2025-07-11 15:13:50,773 4376 INFO ? odoo.service.server: Initiating shutdown 
2025-07-11 15:13:50,773 4376 INFO ? odoo.service.server: Hit CTRL-C again or send a second signal to force the shutdown. 
2025-07-11 15:13:59,533 14692 INFO ? odoo: Odoo version 16.0-20250710 
2025-07-11 15:13:59,533 14692 INFO ? odoo: Using configuration file at C:\Program Files\Odoo 16.0.20250710\server\odoo.conf 
2025-07-11 15:13:59,533 14692 INFO ? odoo: addons paths: ['C:\\Program Files\\Odoo 16.0.20250710\\server\\odoo\\addons', 'c:\\program files\\odoo 16.0.20250710\\sessions\\addons\\16.0', 'c:\\program files\\odoo 16.0.20250710\\server\\odoo\\addons'] 
2025-07-11 15:13:59,533 14692 INFO ? odoo: database: yonan@localhost:5432 
2025-07-11 15:13:59,713 14692 INFO ? odoo.addons.base.models.ir_actions_report: Will use the Wkhtmltopdf binary at C:\Program Files\Odoo 16.0.20250710\thirdparty\wkhtmltopdf.exe 
2025-07-11 15:14:00,033 14692 INFO ? odoo.service.server: HTTP service (werkzeug) running on DESKTOP-JS0E446.Home:8069 
2025-07-11 15:14:05,786 14692 INFO ? werkzeug: 127.0.0.1 - - [11/Jul/2025 15:14:05] "GET / HTTP/1.1" 303 - 1 0.004 0.123
2025-07-11 15:14:05,924 14692 INFO ? werkzeug: 127.0.0.1 - - [11/Jul/2025 15:14:05] "GET /web HTTP/1.1" 303 - 2 0.004 0.129
2025-07-11 15:14:08,579 14692 INFO ? werkzeug: 127.0.0.1 - - [11/Jul/2025 15:14:08] "GET /web/database/selector HTTP/1.1" 200 - 2 0.007 2.645
2025-07-11 15:14:09,313 14692 INFO ? werkzeug: 127.0.0.1 - - [11/Jul/2025 15:14:09] "GET /web/static/lib/bootstrap/js/dist/dom/event-handler.js HTTP/1.1" 200 - 1 0.002 0.390
2025-07-11 15:14:09,314 14692 INFO ? werkzeug: 127.0.0.1 - - [11/Jul/2025 15:14:09] "GET /web/static/lib/bootstrap/js/dist/dom/data.js HTTP/1.1" 200 - 1 0.002 0.395
2025-07-11 15:14:09,315 14692 INFO ? werkzeug: 127.0.0.1 - - [11/Jul/2025 15:14:09] "GET /web/static/lib/jquery/jquery.js HTTP/1.1" 200 - 1 0.002 0.395
2025-07-11 15:14:09,316 14692 INFO ? werkzeug: 127.0.0.1 - - [11/Jul/2025 15:14:09] "GET /web/static/lib/bootstrap/js/dist/dom/manipulator.js HTTP/1.1" 200 - 1 0.005 0.387
2025-07-11 15:14:09,320 14692 INFO ? werkzeug: 127.0.0.1 - - [11/Jul/2025 15:14:09] "GET /web/static/lib/bootstrap/dist/css/bootstrap.css HTTP/1.1" 200 - 1 0.003 0.400
2025-07-11 15:14:09,321 14692 INFO ? werkzeug: 127.0.0.1 - - [11/Jul/2025 15:14:09] "GET /web/static/src/libs/fontawesome/css/font-awesome.css HTTP/1.1" 200 - 1 0.002 0.403
2025-07-11 15:14:09,950 14692 INFO ? werkzeug: 127.0.0.1 - - [11/Jul/2025 15:14:09] "GET /web/static/lib/bootstrap/js/dist/dom/selector-engine.js HTTP/1.1" 200 - 1 0.000 0.320
2025-07-11 15:14:09,951 14692 INFO ? werkzeug: 127.0.0.1 - - [11/Jul/2025 15:14:09] "GET /web/static/lib/bootstrap/js/dist/base-component.js HTTP/1.1" 200 - 1 0.001 0.319
2025-07-11 15:14:09,952 14692 INFO ? werkzeug: 127.0.0.1 - - [11/Jul/2025 15:14:09] "GET /web/static/lib/bootstrap/js/dist/modal.js HTTP/1.1" 200 - 1 0.003 0.317
2025-07-11 15:14:09,953 14692 INFO ? werkzeug: 127.0.0.1 - - [11/Jul/2025 15:14:09] "GET /web/static/src/public/database_manager.js HTTP/1.1" 200 - 1 0.002 0.318
2025-07-11 15:14:09,956 14692 INFO ? werkzeug: 127.0.0.1 - - [11/Jul/2025 15:14:09] "GET /web/static/img/logo2.png HTTP/1.1" 200 - 1 0.004 0.306
2025-07-11 15:14:10,491 14692 INFO ? werkzeug: 127.0.0.1 - - [11/Jul/2025 15:14:10] "GET /web/static/src/libs/fontawesome/fonts/fontawesome-webfont.woff2?v=4.7.0 HTTP/1.1" 200 - 1 0.004 0.076
2025-07-11 15:14:10,729 14692 INFO ? werkzeug: 127.0.0.1 - - [11/Jul/2025 15:14:10] "GET /web/static/img/favicon.ico HTTP/1.1" 200 - 1 0.002 0.064
2025-07-11 15:23:26,596 14692 INFO None odoo.service.db: Create database `odoo16_test`. 
2025-07-11 15:23:28,316 14692 INFO None odoo.modules.loading: loading 1 modules... 
2025-07-11 15:23:28,316 14692 INFO None odoo.modules.loading: Loading module base (1/1) 
2025-07-11 15:23:28,362 14692 INFO None odoo.modules.registry: module base: creating or updating database tables 
2025-07-11 15:23:28,885 14692 INFO None odoo.models: Prepare computation of ir.module.module.menus_by_module 
2025-07-11 15:23:28,886 14692 INFO None odoo.models: Prepare computation of ir.module.module.reports_by_module 
2025-07-11 15:23:28,886 14692 INFO None odoo.models: Prepare computation of ir.module.module.views_by_module 
2025-07-11 15:23:29,068 14692 INFO None odoo.models: Prepare computation of res.partner.user_id 
2025-07-11 15:23:29,068 14692 INFO None odoo.models: Prepare computation of res.partner.commercial_partner_id 
2025-07-11 15:23:29,068 14692 INFO None odoo.models: Prepare computation of res.partner.display_name 
2025-07-11 15:23:29,068 14692 INFO None odoo.models: Prepare computation of res.partner.company_registry 
2025-07-11 15:23:29,068 14692 INFO None odoo.models: Prepare computation of res.partner.commercial_company_name 
2025-07-11 15:23:29,068 14692 INFO None odoo.models: Prepare computation of res.partner.partner_share 
2025-07-11 15:23:29,138 14692 INFO None odoo.models: Prepare computation of res.currency.decimal_places 
2025-07-11 15:23:29,177 14692 INFO None odoo.models: Prepare computation of res.company.logo_web 
2025-07-11 15:23:29,225 14692 INFO None odoo.models: Prepare computation of res.users.signature 
2025-07-11 15:23:29,225 14692 INFO None odoo.models: Prepare computation of res.users.share 
2025-07-11 15:23:31,281 14692 INFO None odoo.modules.loading: loading base/data/res_bank.xml 
2025-07-11 15:23:31,291 14692 INFO None odoo.modules.loading: loading base/data/res.lang.csv 
2025-07-11 15:23:31,345 14692 INFO None odoo.modules.loading: loading base/data/res_lang_data.xml 
2025-07-11 15:23:31,396 14692 INFO None odoo.modules.loading: loading base/data/res_partner_data.xml 
2025-07-11 15:23:31,479 14692 INFO None odoo.modules.loading: loading base/data/res_currency_data.xml 
2025-07-11 15:23:31,908 14692 INFO None odoo.modules.loading: loading base/data/res_company_data.xml 
2025-07-11 15:23:31,937 14692 INFO None odoo.modules.loading: loading base/data/res_users_data.xml 
2025-07-11 15:23:34,182 14692 INFO None odoo.modules.loading: loading base/data/report_paperformat_data.xml 
2025-07-11 15:23:34,204 14692 INFO None odoo.modules.loading: loading base/data/res_country_data.xml 
2025-07-11 15:23:34,741 14692 INFO None odoo.modules.loading: loading base/data/ir_demo_data.xml 
2025-07-11 15:23:34,752 14692 INFO None odoo.modules.loading: loading base/data/ir_config_parameter_data.xml 
2025-07-11 15:23:34,762 14692 INFO None odoo.modules.loading: loading base/security/base_groups.xml 
2025-07-11 15:23:35,069 14692 INFO None odoo.modules.loading: loading base/security/base_security.xml 
2025-07-11 15:23:35,222 14692 INFO None odoo.modules.loading: loading base/views/base_menus.xml 
2025-07-11 15:23:35,370 14692 INFO None odoo.modules.loading: loading base/views/decimal_precision_views.xml 
2025-07-11 15:23:35,403 14692 INFO None odoo.modules.loading: loading base/views/res_config_views.xml 
2025-07-11 15:23:35,417 14692 INFO None odoo.modules.loading: loading base/data/res.country.state.csv 
2025-07-11 15:23:37,700 14692 INFO None odoo.modules.loading: loading base/views/ir_actions_views.xml 
2025-07-11 15:23:37,870 14692 INFO None odoo.modules.loading: loading base/views/ir_asset_views.xml 
2025-07-11 15:23:37,901 14692 INFO None odoo.modules.loading: loading base/views/ir_config_parameter_views.xml 
2025-07-11 15:23:37,934 14692 INFO None odoo.modules.loading: loading base/views/ir_cron_views.xml 
2025-07-11 15:23:37,991 14692 INFO None odoo.modules.loading: loading base/views/ir_cron_trigger_views.xml 
2025-07-11 15:23:38,015 14692 INFO None odoo.modules.loading: loading base/views/ir_filters_views.xml 
2025-07-11 15:23:38,039 14692 INFO None odoo.modules.loading: loading base/views/ir_mail_server_views.xml 
2025-07-11 15:23:38,083 14692 INFO None odoo.modules.loading: loading base/views/ir_model_views.xml 
2025-07-11 15:23:38,308 14692 INFO None odoo.modules.loading: loading base/views/ir_attachment_views.xml 
2025-07-11 15:23:38,347 14692 INFO None odoo.modules.loading: loading base/views/ir_rule_views.xml 
2025-07-11 15:23:38,386 14692 INFO None odoo.modules.loading: loading base/views/ir_sequence_views.xml 
2025-07-11 15:23:38,408 14692 INFO None odoo.modules.loading: loading base/views/ir_ui_menu_views.xml 
2025-07-11 15:23:38,435 14692 INFO None odoo.modules.loading: loading base/views/ir_ui_view_views.xml 
2025-07-11 15:23:38,508 14692 INFO None odoo.modules.loading: loading base/views/ir_default_views.xml 
2025-07-11 15:23:38,537 14692 INFO None odoo.modules.loading: loading base/data/ir_cron_data.xml 
2025-07-11 15:23:38,547 14692 INFO None odoo.modules.loading: loading base/report/ir_model_report.xml 
2025-07-11 15:23:38,555 14692 INFO None odoo.modules.loading: loading base/report/ir_model_templates.xml 
2025-07-11 15:23:38,579 14692 INFO None odoo.modules.loading: loading base/views/ir_logging_views.xml 
2025-07-11 15:23:38,603 14692 INFO None odoo.modules.loading: loading base/views/ir_qweb_widget_templates.xml 
2025-07-11 15:23:38,615 14692 INFO None odoo.modules.loading: loading base/views/ir_module_views.xml 
2025-07-11 15:23:38,724 14692 INFO None odoo.modules.loading: loading base/data/ir_module_category_data.xml 
2025-07-11 15:23:38,798 14692 INFO None odoo.modules.loading: loading base/data/ir_module_module.xml 
2025-07-11 15:23:38,888 14692 INFO None odoo.modules.loading: loading base/report/ir_module_reports.xml 
2025-07-11 15:23:38,900 14692 INFO None odoo.modules.loading: loading base/report/ir_module_report_templates.xml 
2025-07-11 15:23:38,909 14692 INFO None odoo.modules.loading: loading base/wizard/base_module_update_views.xml 
2025-07-11 15:23:38,928 14692 INFO None odoo.modules.loading: loading base/wizard/base_language_install_views.xml 
2025-07-11 15:23:38,947 14692 INFO None odoo.modules.loading: loading base/wizard/base_import_language_views.xml 
2025-07-11 15:23:38,971 14692 INFO None odoo.modules.loading: loading base/wizard/base_module_upgrade_views.xml 
2025-07-11 15:23:39,009 14692 INFO None odoo.modules.loading: loading base/wizard/base_module_uninstall_views.xml 
2025-07-11 15:23:39,018 14692 INFO None odoo.modules.loading: loading base/wizard/base_export_language_views.xml 
2025-07-11 15:23:39,038 14692 INFO None odoo.modules.loading: loading base/wizard/base_partner_merge_views.xml 
2025-07-11 15:23:39,070 14692 INFO None odoo.modules.loading: loading base/data/ir_actions_data.xml 
2025-07-11 15:23:39,076 14692 INFO None odoo.modules.loading: loading base/data/ir_demo_failure_data.xml 
2025-07-11 15:23:39,089 14692 INFO None odoo.modules.loading: loading base/views/ir_profile_views.xml 
2025-07-11 15:23:39,128 14692 INFO None odoo.modules.loading: loading base/views/res_company_views.xml 
2025-07-11 15:23:39,159 14692 INFO None odoo.modules.loading: loading base/views/res_lang_views.xml 
2025-07-11 15:23:39,193 14692 INFO None odoo.modules.loading: loading base/views/res_partner_views.xml 
2025-07-11 15:23:39,372 14692 INFO None odoo.modules.loading: loading base/views/res_bank_views.xml 
2025-07-11 15:23:39,419 14692 INFO None odoo.modules.loading: loading base/views/res_country_views.xml 
2025-07-11 15:23:39,478 14692 INFO None odoo.modules.loading: loading base/views/res_currency_views.xml 
2025-07-11 15:23:39,533 14692 INFO None odoo.modules.loading: loading base/views/res_users_views.xml 
2025-07-11 15:23:39,729 14692 INFO None odoo.modules.loading: loading base/views/ir_property_views.xml 
2025-07-11 15:23:39,758 14692 INFO None odoo.modules.loading: loading base/views/res_config_settings_views.xml 
2025-07-11 15:23:39,769 14692 INFO None odoo.modules.loading: loading base/views/report_paperformat_views.xml 
2025-07-11 15:23:39,799 14692 INFO None odoo.modules.loading: loading base/views/onboarding_views.xml 
2025-07-11 15:23:39,838 14692 INFO None odoo.modules.loading: loading base/security/ir.model.access.csv 
2025-07-11 15:23:40,038 14692 INFO None odoo.modules.loading: Module base: loading demo 
2025-07-11 15:23:40,038 14692 INFO None odoo.modules.loading: loading base/data/res_company_demo.xml 
2025-07-11 15:23:40,052 14692 INFO None odoo.modules.loading: loading base/data/res_users_demo.xml 
2025-07-11 15:23:42,709 14692 INFO None odoo.modules.loading: loading base/data/res_partner_bank_demo.xml 
2025-07-11 15:23:42,719 14692 INFO None odoo.modules.loading: loading base/data/res_currency_rate_demo.xml 
2025-07-11 15:23:43,075 14692 INFO None odoo.modules.loading: loading base/data/res_bank_demo.xml 
2025-07-11 15:23:43,080 14692 INFO None odoo.modules.loading: loading base/data/res_partner_demo.xml 
2025-07-11 15:23:43,420 14692 INFO None odoo.modules.loading: loading base/data/res_partner_image_demo.xml 
2025-07-11 15:23:43,652 14692 INFO None odoo.addons.base.models.ir_module: module base: loading base translation file es for language es_PE 
2025-07-11 15:23:44,162 14692 INFO None odoo.addons.base.models.ir_module: module base: loading translation file es_PE for language es_PE 
2025-07-11 15:23:45,732 14692 INFO None odoo.modules.loading: Module base loaded in 17.42s, 9097 queries (+9097 other) 
2025-07-11 15:23:45,732 14692 INFO None odoo.modules.loading: 1 modules loaded in 17.42s, 9097 queries (+9097 extra) 
2025-07-11 15:23:45,765 14692 INFO None odoo.addons.base.models.ir_module: module base: loading base translation file es for language es_PE 
2025-07-11 15:23:46,191 14692 INFO None odoo.addons.base.models.ir_module: module base: loading translation file es_PE for language es_PE 
2025-07-11 15:23:46,906 14692 INFO None odoo.modules.loading: updating modules list 
2025-07-11 15:23:46,909 14692 INFO None odoo.addons.base.models.ir_module: ALLOW access to module.update_list on [] to user __system__ #1 via n/a 
2025-07-11 15:23:47,699 14692 INFO None odoo.modules.loading: loading 8 modules... 
2025-07-11 15:23:47,699 14692 INFO None odoo.modules.loading: Loading module web (2/8) 
2025-07-11 15:23:47,721 14692 INFO None odoo.modules.registry: module web: creating or updating database tables 
2025-07-11 15:23:48,418 14692 INFO None odoo.modules.loading: loading web/security/ir.model.access.csv 
2025-07-11 15:23:48,435 14692 INFO None odoo.modules.loading: loading web/views/webclient_templates.xml 
2025-07-11 15:23:48,507 14692 INFO None odoo.modules.loading: loading web/views/report_templates.xml 
2025-07-11 15:23:48,632 14692 INFO None odoo.modules.loading: loading web/views/base_document_layout_views.xml 
2025-07-11 15:23:48,645 14692 INFO None odoo.modules.loading: loading web/views/speedscope_template.xml 
2025-07-11 15:23:48,653 14692 INFO None odoo.modules.loading: loading web/views/lazy_assets.xml 
2025-07-11 15:23:48,658 14692 INFO None odoo.modules.loading: loading web/views/neutralize_views.xml 
2025-07-11 15:23:48,672 14692 INFO None odoo.modules.loading: loading web/data/ir_attachment.xml 
2025-07-11 15:23:48,677 14692 INFO None odoo.modules.loading: loading web/data/report_layout.xml 
2025-07-11 15:23:48,750 14692 INFO None odoo.addons.base.models.ir_module: module web: loading base translation file es for language es_PE 
2025-07-11 15:23:48,868 14692 INFO None odoo.addons.base.models.ir_module: module web: loading translation file es_PE for language es_PE 
2025-07-11 15:23:48,938 14692 INFO None odoo.modules.loading: Module web loaded in 1.24s, 894 queries (+894 other) 
2025-07-11 15:23:48,938 14692 INFO None odoo.modules.loading: Loading module auth_totp (3/8) 
2025-07-11 15:23:49,085 14692 INFO None odoo.modules.registry: module auth_totp: creating or updating database tables 
2025-07-11 15:23:49,179 14692 INFO None odoo.modules.loading: loading auth_totp/security/security.xml 
2025-07-11 15:23:49,216 14692 INFO None odoo.modules.loading: loading auth_totp/security/ir.model.access.csv 
2025-07-11 15:23:49,230 14692 INFO None odoo.modules.loading: loading auth_totp/data/ir_action_data.xml 
2025-07-11 15:23:49,239 14692 INFO None odoo.modules.loading: loading auth_totp/views/res_users_views.xml 
2025-07-11 15:23:49,286 14692 INFO None odoo.modules.loading: loading auth_totp/views/templates.xml 
2025-07-11 15:23:49,294 14692 INFO None odoo.modules.loading: loading auth_totp/wizard/auth_totp_wizard_views.xml 
2025-07-11 15:23:49,314 14692 INFO None odoo.addons.base.models.ir_module: module auth_totp: loading base translation file es for language es_PE 
2025-07-11 15:23:49,323 14692 INFO None odoo.addons.base.models.ir_module: module auth_totp: no translation for language es_PE 
2025-07-11 15:23:49,356 14692 INFO None odoo.modules.loading: Module auth_totp loaded in 0.42s, 181 queries (+181 other) 
2025-07-11 15:23:49,356 14692 INFO None odoo.modules.loading: Loading module base_import (4/8) 
2025-07-11 15:23:49,469 14692 INFO None odoo.modules.registry: module base_import: creating or updating database tables 
2025-07-11 15:23:50,561 14692 INFO None odoo.modules.loading: loading base_import/security/ir.model.access.csv 
2025-07-11 15:23:50,608 14692 INFO None odoo.addons.base.models.ir_module: module base_import: loading base translation file es for language es_PE 
2025-07-11 15:23:50,635 14692 INFO None odoo.addons.base.models.ir_module: module base_import: loading translation file es_PE for language es_PE 
2025-07-11 15:23:50,680 14692 INFO None odoo.modules.loading: Module base_import loaded in 1.32s, 898 queries (+898 other) 
2025-07-11 15:23:50,681 14692 INFO None odoo.modules.loading: Loading module bus (5/8) 
2025-07-11 15:23:50,763 14692 INFO None odoo.modules.registry: module bus: creating or updating database tables 
2025-07-11 15:23:50,880 14692 INFO None odoo.modules.loading: loading bus/security/ir.model.access.csv 
2025-07-11 15:23:50,901 14692 INFO None odoo.addons.base.models.ir_module: module bus: loading base translation file es for language es_PE 
2025-07-11 15:23:50,902 14692 INFO None odoo.addons.base.models.ir_module: module bus: loading translation file es_PE for language es_PE 
2025-07-11 15:23:50,921 14692 INFO None odoo.modules.loading: Module bus loaded in 0.24s, 107 queries (+107 other) 
2025-07-11 15:23:50,921 14692 INFO None odoo.modules.loading: Loading module web_kanban_gauge (6/8) 
2025-07-11 15:23:50,968 14692 INFO None odoo.addons.base.models.ir_module: module web_kanban_gauge: loading base translation file es for language es_PE 
2025-07-11 15:23:50,968 14692 INFO None odoo.addons.base.models.ir_module: module web_kanban_gauge: loading translation file es_PE for language es_PE 
2025-07-11 15:23:50,988 14692 INFO None odoo.modules.loading: Module web_kanban_gauge loaded in 0.07s, 13 queries (+13 other) 
2025-07-11 15:23:50,988 14692 INFO None odoo.modules.loading: Loading module web_tour (7/8) 
2025-07-11 15:23:51,027 14692 INFO None odoo.modules.registry: module web_tour: creating or updating database tables 
2025-07-11 15:23:51,080 14692 INFO None odoo.modules.loading: loading web_tour/security/ir.model.access.csv 
2025-07-11 15:23:51,096 14692 INFO None odoo.modules.loading: loading web_tour/security/ir.rule.csv 
2025-07-11 15:23:51,108 14692 INFO None odoo.modules.loading: loading web_tour/views/tour_views.xml 
2025-07-11 15:23:51,149 14692 INFO None odoo.addons.base.models.ir_module: module web_tour: loading base translation file es for language es_PE 
2025-07-11 15:23:51,157 14692 INFO None odoo.addons.base.models.ir_module: module web_tour: no translation for language es_PE 
2025-07-11 15:23:51,178 14692 INFO None odoo.modules.loading: Module web_tour loaded in 0.19s, 108 queries (+108 other) 
2025-07-11 15:23:51,178 14692 INFO None odoo.modules.loading: Loading module web_editor (8/8) 
2025-07-11 15:23:51,414 14692 INFO None odoo.modules.registry: module web_editor: creating or updating database tables 
2025-07-11 15:23:52,238 14692 INFO None odoo.modules.loading: loading web_editor/security/ir.model.access.csv 
2025-07-11 15:23:52,252 14692 INFO None odoo.modules.loading: loading web_editor/data/editor_assets.xml 
2025-07-11 15:23:52,259 14692 INFO None odoo.modules.loading: loading web_editor/views/editor.xml 
2025-07-11 15:23:52,302 14692 INFO None odoo.modules.loading: loading web_editor/views/snippets.xml 
2025-07-11 15:23:52,369 14692 INFO None odoo.addons.base.models.ir_module: module web_editor: loading base translation file es for language es_PE 
2025-07-11 15:23:52,405 14692 INFO None odoo.addons.base.models.ir_module: module web_editor: loading translation file es_PE for language es_PE 
2025-07-11 15:23:52,452 14692 INFO None odoo.modules.loading: Module web_editor loaded in 1.27s, 830 queries (+830 other) 
2025-07-11 15:23:52,452 14692 INFO None odoo.modules.loading: 8 modules loaded in 4.75s, 3031 queries (+3031 extra) 
2025-07-11 15:23:52,830 14692 INFO None odoo.modules.loading: Modules loaded. 
2025-07-11 15:23:52,839 14692 INFO None odoo.modules.registry: Registry loaded in 24.551s 
2025-07-11 15:23:52,850 14692 INFO None odoo.addons.base.models.ir_module: module base: loading base translation file es for language es_PE 
2025-07-11 15:23:53,316 14692 INFO None odoo.addons.base.models.ir_module: module base: loading translation file es_PE for language es_PE 
2025-07-11 15:23:53,541 14692 INFO None odoo.addons.base.models.ir_module: module web: loading base translation file es for language es_PE 
2025-07-11 15:23:53,698 14692 INFO None odoo.addons.base.models.ir_module: module web: loading translation file es_PE for language es_PE 
2025-07-11 15:23:53,753 14692 INFO None odoo.addons.base.models.ir_module: module auth_totp: loading base translation file es for language es_PE 
2025-07-11 15:23:53,765 14692 INFO None odoo.addons.base.models.ir_module: module auth_totp: no translation for language es_PE 
2025-07-11 15:23:53,765 14692 INFO None odoo.addons.base.models.ir_module: module base_import: loading base translation file es for language es_PE 
2025-07-11 15:23:53,785 14692 INFO None odoo.addons.base.models.ir_module: module base_import: loading translation file es_PE for language es_PE 
2025-07-11 15:23:53,804 14692 INFO None odoo.addons.base.models.ir_module: module bus: loading base translation file es for language es_PE 
2025-07-11 15:23:53,810 14692 INFO None odoo.addons.base.models.ir_module: module bus: loading translation file es_PE for language es_PE 
2025-07-11 15:23:53,816 14692 INFO None odoo.addons.base.models.ir_module: module web_editor: loading base translation file es for language es_PE 
2025-07-11 15:23:53,859 14692 INFO None odoo.addons.base.models.ir_module: module web_editor: loading translation file es_PE for language es_PE 
2025-07-11 15:23:53,897 14692 INFO None odoo.addons.base.models.ir_module: module web_kanban_gauge: loading base translation file es for language es_PE 
2025-07-11 15:23:53,898 14692 INFO None odoo.addons.base.models.ir_module: module web_kanban_gauge: loading translation file es_PE for language es_PE 
2025-07-11 15:23:53,898 14692 INFO None odoo.addons.base.models.ir_module: module web_tour: loading base translation file es for language es_PE 
2025-07-11 15:23:53,904 14692 INFO None odoo.addons.base.models.ir_module: module web_tour: no translation for language es_PE 
2025-07-11 15:23:56,698 14692 INFO None odoo.addons.base.models.res_users: Login successful for db:odoo16_test login:yonanjulca923@gmail.com from 127.0.0.1 
2025-07-11 15:23:56,719 14692 INFO None werkzeug: 127.0.0.1 - - [11/Jul/2025 15:23:56] "POST /web/database/create HTTP/1.1" 303 - 17280 12.041 22.309
2025-07-11 15:23:56,720 14692 INFO odoo16_test odoo.addons.base.models.ir_http: Generating routing map for key None 
2025-07-11 15:23:56,950 14692 INFO odoo16_test werkzeug: 127.0.0.1 - - [11/Jul/2025 15:23:56] "GET /web HTTP/1.1" 303 - 6 0.004 0.226
2025-07-11 15:23:57,545 14692 INFO odoo16_test odoo.addons.base.models.assetsbundle: Failed to find attachment for assets /web/assets/%-7dfc393/web.assets_frontend.min.css 
2025-07-11 15:24:02,894 14692 INFO odoo16_test odoo.addons.base.models.assetsbundle: Failed to find attachment for assets /web/assets/%-4ac4e52/web.assets_frontend_minimal.min.js 
2025-07-11 15:24:02,960 14692 INFO odoo16_test odoo.addons.base.models.ir_cron: Starting job `Base: Auto-vacuum internal data`. 
2025-07-11 15:24:03,329 14692 INFO odoo16_test odoo.addons.base.models.assetsbundle: Failed to find attachment for assets /web/assets/%-d4e0ab7/web.assets_frontend_lazy.min.js 
2025-07-11 15:24:04,637 14692 INFO odoo16_test werkzeug: 127.0.0.1 - - [11/Jul/2025 15:24:04] "GET /web/login HTTP/1.1" 200 - 66 0.044 7.631
2025-07-11 15:24:04,663 14692 INFO odoo16_test odoo.addons.base.models.ir_attachment: filestore gc 60 checked, 0 removed 
2025-07-11 15:24:04,722 14692 INFO odoo16_test odoo.addons.base.models.res_users: GC'd 0 user log entries 
2025-07-11 15:24:04,747 14692 INFO odoo16_test odoo.addons.auth_totp.models.auth_totp: GC'd 0 totp devices entries 
2025-07-11 15:24:04,765 14692 INFO odoo16_test odoo.addons.base.models.ir_cron: Job `Base: Auto-vacuum internal data` done. 
2025-07-11 15:24:05,009 14692 INFO odoo16_test werkzeug: 127.0.0.1 - - [11/Jul/2025 15:24:05] "GET /web/binary/company_logo HTTP/1.1" 200 - 2 0.000 0.006
2025-07-11 15:24:05,029 14692 INFO odoo16_test werkzeug: 127.0.0.1 - - [11/Jul/2025 15:24:05] "GET /web/assets/192-4ac4e52/web.assets_frontend_minimal.min.js HTTP/1.1" 200 - 10 0.011 0.015
2025-07-11 15:24:05,029 14692 INFO odoo16_test werkzeug: 127.0.0.1 - - [11/Jul/2025 15:24:05] "GET /web/assets/191-7dfc393/web.assets_frontend.min.css HTTP/1.1" 200 - 9 0.010 0.016
2025-07-11 15:24:05,270 14692 INFO odoo16_test werkzeug: 127.0.0.1 - - [11/Jul/2025 15:24:05] "GET /web/assets/193-d4e0ab7/web.assets_frontend_lazy.min.js HTTP/1.1" 200 - 8 0.000 0.017
2025-07-11 15:24:06,488 14692 INFO odoo16_test werkzeug: 127.0.0.1 - - [11/Jul/2025 15:24:06] "GET /web/webclient/translations/1752247445401 HTTP/1.1" 200 - 6 0.006 1.020
2025-07-11 15:24:06,509 14692 INFO odoo16_test werkzeug: 127.0.0.1 - - [11/Jul/2025 15:24:06] "GET /web/webclient/translations/1752247446502 HTTP/1.1" 200 - 6 0.004 0.006
2025-07-11 15:25:04,796 14692 INFO odoo16_test odoo.addons.base.models.ir_cron: Starting job `Base: Auto-vacuum internal data`. 
2025-07-11 15:25:04,823 14692 INFO odoo16_test odoo.addons.base.models.ir_attachment: filestore gc 0 checked, 0 removed 
2025-07-11 15:25:04,869 14692 INFO odoo16_test odoo.addons.base.models.res_users: GC'd 0 user log entries 
2025-07-11 15:25:04,899 14692 INFO odoo16_test odoo.addons.auth_totp.models.auth_totp: GC'd 0 totp devices entries 
2025-07-11 15:25:04,909 14692 INFO odoo16_test odoo.addons.base.models.ir_cron: Job `Base: Auto-vacuum internal data` done. 
2025-07-11 15:26:02,270 14692 INFO odoo16_test odoo.addons.base.models.res_users: Login successful for db:odoo16_test login:yonanjulca923@gmail.com from 127.0.0.1 
2025-07-11 15:26:02,282 14692 INFO odoo16_test werkzeug: 127.0.0.1 - - [11/Jul/2025 15:26:02] "POST /web/login HTTP/1.1" 303 - 25 0.027 1.231
2025-07-11 15:26:02,663 14692 INFO odoo16_test odoo.addons.base.models.assetsbundle: Failed to find attachment for assets /web/assets/%-8335884/web.assets_common.min.css 
2025-07-11 15:26:03,906 14692 INFO odoo16_test odoo.addons.base.models.assetsbundle: Failed to find attachment for assets /web/assets/%-886d6c7/web.assets_backend.min.css 
2025-07-11 15:26:14,244 14692 INFO odoo16_test odoo.addons.base.models.assetsbundle: Failed to find attachment for assets /web/assets/%-8335884/web.assets_common.min.js 
2025-07-11 15:26:15,321 14692 INFO odoo16_test odoo.addons.base.models.assetsbundle: Failed to find attachment for assets /web/assets/%-886d6c7/web.assets_backend.min.js 
2025-07-11 15:26:18,092 14692 INFO odoo16_test odoo.addons.base.models.assetsbundle: Failed to find attachment for assets /web/assets/%-351a384/web.assets_backend_prod_only.min.js 
2025-07-11 15:26:18,510 14692 INFO odoo16_test werkzeug: 127.0.0.1 - - [11/Jul/2025 15:26:18] "GET /web HTTP/1.1" 200 - 94 0.100 16.119
2025-07-11 15:26:18,550 14692 INFO odoo16_test werkzeug: 127.0.0.1 - - [11/Jul/2025 15:26:18] "GET /web/assets/194-8335884/web.assets_common.min.css HTTP/1.1" 200 - 4 0.002 0.004
2025-07-11 15:26:18,883 14692 INFO odoo16_test werkzeug: 127.0.0.1 - - [11/Jul/2025 15:26:18] "GET /web/webclient/load_menus/70046ede8fb62a8a305aa3e6253519a427666e24137ab214e2e554a15ea2e12b HTTP/1.1" 200 - 1 0.002 0.012
2025-07-11 15:26:18,890 14692 INFO odoo16_test werkzeug: 127.0.0.1 - - [11/Jul/2025 15:26:18] "GET /web/assets/195-886d6c7/web.assets_backend.min.css HTTP/1.1" 200 - 4 0.007 0.014
2025-07-11 15:26:18,890 14692 INFO odoo16_test werkzeug: 127.0.0.1 - - [11/Jul/2025 15:26:18] "GET /web/assets/196-8335884/web.assets_common.min.js HTTP/1.1" 200 - 4 0.006 0.013
2025-07-11 15:26:18,892 14692 INFO odoo16_test werkzeug: 127.0.0.1 - - [11/Jul/2025 15:26:18] "GET /web/assets/197-886d6c7/web.assets_backend.min.js HTTP/1.1" 200 - 4 0.007 0.011
2025-07-11 15:26:18,894 14692 INFO odoo16_test werkzeug: 127.0.0.1 - - [11/Jul/2025 15:26:18] "GET /web/webclient/translations/f8d965c5b26bdbe59cb3f11ba3f9cd472c19c07c?lang=es_PE HTTP/1.1" 200 - 3 0.006 0.016
2025-07-11 15:26:19,226 14692 INFO odoo16_test werkzeug: 127.0.0.1 - - [11/Jul/2025 15:26:19] "GET /web/assets/198-351a384/web.assets_backend_prod_only.min.js HTTP/1.1" 200 - 4 0.002 0.006
2025-07-11 15:26:20,250 14692 INFO odoo16_test werkzeug: 127.0.0.1 - - [11/Jul/2025 15:26:20] "GET /web/webclient/locale/es_PE HTTP/1.1" 200 - 1 0.000 0.000
2025-07-11 15:26:20,290 14692 INFO odoo16_test odoo.addons.base.models.assetsbundle: Failed to find attachment for assets /web/assets/%-8b2e0a3/bus.websocket_worker_assets.min.js 
2025-07-11 15:26:20,325 14692 INFO odoo16_test werkzeug: 127.0.0.1 - - [11/Jul/2025 15:26:20] "GET /bus/websocket_worker_bundle?v=1.0.5 HTTP/1.1" 200 - 9 0.004 0.037
2025-07-11 15:26:20,755 14692 INFO odoo16_test werkzeug: 127.0.0.1 - - [11/Jul/2025 15:26:20] "GET /websocket HTTP/1.1" 101 - 1 0.002 0.007
2025-07-11 15:26:20,760 14692 INFO ? odoo.addons.bus.models.bus: Bus.loop listen imbus on db postgres 
2025-07-11 15:26:21,627 14692 INFO odoo16_test werkzeug: 127.0.0.1 - - [11/Jul/2025 15:26:21] "GET /web/image?model=res.users&field=avatar_128&id=2 HTTP/1.1" 200 - 9 0.010 0.008
2025-07-11 15:26:21,945 14692 INFO ? werkzeug: 127.0.0.1 - - [11/Jul/2025 15:26:21] "GET /web/static/lib/odoo_ui_icons/fonts/odoo_ui_icons.woff2 HTTP/1.1" 200 - 0 0.000 0.015
2025-07-11 15:26:21,954 14692 INFO odoo16_test werkzeug: 127.0.0.1 - - [11/Jul/2025 15:26:21] "GET /web/image/res.company/1/favicon HTTP/1.1" 200 - 10 0.008 0.015
2025-07-11 15:26:21,957 14692 INFO odoo16_test werkzeug: 127.0.0.1 - - [11/Jul/2025 15:26:21] "POST /web/action/load HTTP/1.1" 200 - 11 0.015 0.012
2025-07-11 15:26:22,360 14692 INFO odoo16_test werkzeug: 127.0.0.1 - - [11/Jul/2025 15:26:22] "POST /web/dataset/call_kw/ir.module.module/get_views HTTP/1.1" 200 - 43 0.052 0.032
2025-07-11 15:26:22,580 14692 INFO odoo16_test werkzeug: 127.0.0.1 - - [11/Jul/2025 15:26:22] "POST /web/dataset/call_kw/ir.module.module/search_panel_select_range HTTP/1.1" 200 - 41 0.022 0.016
2025-07-11 15:26:22,700 14692 INFO odoo16_test werkzeug: 127.0.0.1 - - [11/Jul/2025 15:26:22] "POST /web/dataset/call_kw/ir.module.module/web_search_read HTTP/1.1" 200 - 3 0.004 0.004
2025-07-11 15:26:22,877 14692 INFO ? werkzeug: 127.0.0.1 - - [11/Jul/2025 15:26:22] "GET /sale_management/static/description/icon.png HTTP/1.1" 200 - 0 0.000 0.002
2025-07-11 15:26:23,210 14692 INFO ? werkzeug: 127.0.0.1 - - [11/Jul/2025 15:26:23] "GET /base/static/img/icons/web_studio.png HTTP/1.1" 200 - 0 0.000 0.006
2025-07-11 15:26:23,212 14692 INFO ? werkzeug: 127.0.0.1 - - [11/Jul/2025 15:26:23] "GET /base/static/img/icons/timesheet_grid.png HTTP/1.1" 200 - 0 0.000 0.015
2025-07-11 15:26:23,213 14692 INFO ? werkzeug: 127.0.0.1 - - [11/Jul/2025 15:26:23] "GET /hr_recruitment/static/description/icon.png HTTP/1.1" 200 - 0 0.000 0.020
2025-07-11 15:26:23,213 14692 INFO ? werkzeug: 127.0.0.1 - - [11/Jul/2025 15:26:23] "GET /mrp/static/description/icon.png HTTP/1.1" 200 - 0 0.000 0.022
2025-07-11 15:26:23,214 14692 INFO ? werkzeug: 127.0.0.1 - - [11/Jul/2025 15:26:23] "GET /hr_holidays/static/description/icon.png HTTP/1.1" 200 - 0 0.000 0.022
2025-07-11 15:26:23,214 14692 INFO ? werkzeug: 127.0.0.1 - - [11/Jul/2025 15:26:23] "GET /website_sale/static/description/icon.png HTTP/1.1" 200 - 0 0.000 0.020
2025-07-11 15:26:23,541 14692 INFO ? werkzeug: 127.0.0.1 - - [11/Jul/2025 15:26:23] "GET /base/static/img/icons/sale_subscription.png HTTP/1.1" 200 - 0 0.000 0.017
2025-07-11 15:26:23,551 14692 INFO ? werkzeug: 127.0.0.1 - - [11/Jul/2025 15:26:23] "GET /base/static/img/icons/industry_fsm.png HTTP/1.1" 200 - 0 0.000 0.021
2025-07-11 15:26:23,551 14692 INFO ? werkzeug: 127.0.0.1 - - [11/Jul/2025 15:26:23] "GET /point_of_sale/static/description/icon.png HTTP/1.1" 200 - 0 0.000 0.021
2025-07-11 15:26:23,552 14692 INFO ? werkzeug: 127.0.0.1 - - [11/Jul/2025 15:26:23] "GET /data_recycle/static/description/icon.png HTTP/1.1" 200 - 0 0.000 0.028
2025-07-11 15:26:23,552 14692 INFO ? werkzeug: 127.0.0.1 - - [11/Jul/2025 15:26:23] "GET /hr/static/description/icon.png HTTP/1.1" 200 - 0 0.000 0.022
2025-07-11 15:26:23,552 14692 INFO ? werkzeug: 127.0.0.1 - - [11/Jul/2025 15:26:23] "GET /website_slides/static/description/icon.png HTTP/1.1" 200 - 0 0.000 0.022
2025-07-11 15:26:23,864 14692 INFO ? werkzeug: 127.0.0.1 - - [11/Jul/2025 15:26:23] "GET /project/static/description/icon.png HTTP/1.1" 200 - 0 0.000 0.012
2025-07-11 15:26:23,878 14692 INFO ? werkzeug: 127.0.0.1 - - [11/Jul/2025 15:26:23] "GET /base/static/img/icons/helpdesk.png HTTP/1.1" 200 - 0 0.000 0.011
2025-07-11 15:26:23,878 14692 INFO ? werkzeug: 127.0.0.1 - - [11/Jul/2025 15:26:23] "GET /base/static/img/icons/quality_control.png HTTP/1.1" 200 - 0 0.000 0.010
2025-07-11 15:26:23,880 14692 INFO ? werkzeug: 127.0.0.1 - - [11/Jul/2025 15:26:23] "GET /base/static/img/icons/knowledge.png HTTP/1.1" 200 - 0 0.000 0.012
2025-07-11 15:26:23,884 14692 INFO ? werkzeug: 127.0.0.1 - - [11/Jul/2025 15:26:23] "GET /mass_mailing/static/description/icon.png HTTP/1.1" 200 - 0 0.000 0.015
2025-07-11 15:26:23,885 14692 INFO ? werkzeug: 127.0.0.1 - - [11/Jul/2025 15:26:23] "GET /maintenance/static/description/icon.png HTTP/1.1" 200 - 0 0.000 0.013
2025-07-11 15:26:24,197 14692 INFO ? werkzeug: 127.0.0.1 - - [11/Jul/2025 15:26:24] "GET /base/static/img/icons/sign.png HTTP/1.1" 200 - 0 0.000 0.009
2025-07-11 15:26:24,208 14692 INFO ? werkzeug: 127.0.0.1 - - [11/Jul/2025 15:26:24] "GET /crm/static/description/icon.png HTTP/1.1" 200 - 0 0.000 0.007
2025-07-11 15:26:24,208 14692 INFO ? werkzeug: 127.0.0.1 - - [11/Jul/2025 15:26:24] "GET /base/static/img/icons/mrp_workorder.png HTTP/1.1" 200 - 0 0.000 0.004
2025-07-11 15:26:24,210 14692 INFO ? werkzeug: 127.0.0.1 - - [11/Jul/2025 15:26:24] "GET /account/static/description/icon.png HTTP/1.1" 200 - 0 0.000 0.015
2025-07-11 15:26:24,210 14692 INFO ? werkzeug: 127.0.0.1 - - [11/Jul/2025 15:26:24] "GET /purchase/static/description/icon.png HTTP/1.1" 200 - 0 0.000 0.021
2025-07-11 15:26:24,210 14692 INFO ? werkzeug: 127.0.0.1 - - [11/Jul/2025 15:26:24] "GET /hr_expense/static/description/icon.png HTTP/1.1" 200 - 0 0.000 0.019
2025-07-11 15:26:24,515 14692 INFO ? werkzeug: 127.0.0.1 - - [11/Jul/2025 15:26:24] "GET /website/static/description/icon.png HTTP/1.1" 200 - 0 0.000 0.003
2025-07-11 15:26:24,520 14692 INFO ? werkzeug: 127.0.0.1 - - [11/Jul/2025 15:26:24] "GET /stock/static/description/icon.png HTTP/1.1" 200 - 0 0.000 0.004
2025-07-11 15:26:24,523 14692 INFO ? werkzeug: 127.0.0.1 - - [11/Jul/2025 15:26:24] "GET /base/static/img/icons/account_accountant.png HTTP/1.1" 200 - 0 0.000 0.005
2025-07-11 15:26:24,533 14692 INFO ? werkzeug: 127.0.0.1 - - [11/Jul/2025 15:26:24] "GET /base/static/img/icons/planning.png HTTP/1.1" 200 - 0 0.000 0.008
2025-07-11 15:26:24,535 14692 INFO ? werkzeug: 127.0.0.1 - - [11/Jul/2025 15:26:24] "GET /website_event/static/description/icon.png HTTP/1.1" 200 - 0 0.000 0.008
2025-07-11 15:26:24,537 14692 INFO ? werkzeug: 127.0.0.1 - - [11/Jul/2025 15:26:24] "GET /mail/static/description/icon.png HTTP/1.1" 200 - 0 0.000 0.006
2025-07-11 15:26:24,835 14692 INFO ? werkzeug: 127.0.0.1 - - [11/Jul/2025 15:26:24] "GET /contacts/static/description/icon.png HTTP/1.1" 200 - 0 0.000 0.006
2025-07-11 15:26:24,838 14692 INFO ? werkzeug: 127.0.0.1 - - [11/Jul/2025 15:26:24] "GET /base/static/img/icons/mrp_plm.png HTTP/1.1" 200 - 0 0.000 0.006
2025-07-11 15:26:24,838 14692 INFO ? werkzeug: 127.0.0.1 - - [11/Jul/2025 15:26:24] "GET /calendar/static/description/icon.png HTTP/1.1" 200 - 0 0.000 0.004
2025-07-11 15:26:24,844 14692 INFO ? werkzeug: 127.0.0.1 - - [11/Jul/2025 15:26:24] "GET /base/static/img/icons/social.png HTTP/1.1" 200 - 0 0.000 0.005
2025-07-11 15:26:24,853 14692 INFO ? werkzeug: 127.0.0.1 - - [11/Jul/2025 15:26:24] "GET /base/static/img/icons/hr_appraisal.png HTTP/1.1" 200 - 0 0.000 0.007
2025-07-11 15:26:24,856 14692 INFO ? werkzeug: 127.0.0.1 - - [11/Jul/2025 15:26:24] "GET /fleet/static/description/icon.png HTTP/1.1" 200 - 0 0.000 0.006
2025-07-11 15:26:25,163 14692 INFO ? werkzeug: 127.0.0.1 - - [11/Jul/2025 15:26:25] "GET /base/static/img/icons/marketing_automation.png HTTP/1.1" 200 - 0 0.000 0.009
2025-07-11 15:26:25,175 14692 INFO ? werkzeug: 127.0.0.1 - - [11/Jul/2025 15:26:25] "GET /survey/static/description/icon.png HTTP/1.1" 200 - 0 0.000 0.014
2025-07-11 15:26:25,175 14692 INFO ? werkzeug: 127.0.0.1 - - [11/Jul/2025 15:26:25] "GET /base/static/img/icons/appointment.png HTTP/1.1" 200 - 0 0.000 0.018
2025-07-11 15:26:25,175 14692 INFO ? werkzeug: 127.0.0.1 - - [11/Jul/2025 15:26:25] "GET /base/static/img/icons/web_mobile.png HTTP/1.1" 200 - 0 0.000 0.006
2025-07-11 15:26:25,175 14692 INFO ? werkzeug: 127.0.0.1 - - [11/Jul/2025 15:26:25] "GET /repair/static/description/icon.png HTTP/1.1" 200 - 0 0.000 0.005
2025-07-11 15:26:25,175 14692 INFO ? werkzeug: 127.0.0.1 - - [11/Jul/2025 15:26:25] "GET /im_livechat/static/description/icon.png HTTP/1.1" 200 - 0 0.000 0.019
2025-07-11 15:26:25,491 14692 INFO ? werkzeug: 127.0.0.1 - - [11/Jul/2025 15:26:25] "GET /hr_attendance/static/description/icon.png HTTP/1.1" 200 - 0 0.000 0.010
2025-07-11 15:26:25,498 14692 INFO ? werkzeug: 127.0.0.1 - - [11/Jul/2025 15:26:25] "GET /hr_skills/static/description/icon.png HTTP/1.1" 200 - 0 0.000 0.009
2025-07-11 15:26:25,498 14692 INFO ? werkzeug: 127.0.0.1 - - [11/Jul/2025 15:26:25] "GET /base/static/img/icons/stock_barcode.png HTTP/1.1" 200 - 0 0.000 0.008
2025-07-11 15:26:25,501 14692 INFO ? werkzeug: 127.0.0.1 - - [11/Jul/2025 15:26:25] "GET /mass_mailing_sms/static/description/icon.png HTTP/1.1" 200 - 0 0.000 0.013
2025-07-11 15:26:25,502 14692 INFO ? werkzeug: 127.0.0.1 - - [11/Jul/2025 15:26:25] "GET /base/static/img/icons/voip.png HTTP/1.1" 200 - 0 0.000 0.010
2025-07-11 15:26:25,502 14692 INFO ? werkzeug: 127.0.0.1 - - [11/Jul/2025 15:26:25] "GET /note/static/description/icon.png HTTP/1.1" 200 - 0 0.000 0.013
2025-07-11 15:26:25,813 14692 INFO ? werkzeug: 127.0.0.1 - - [11/Jul/2025 15:26:25] "GET /lunch/static/description/icon.png HTTP/1.1" 200 - 0 0.000 0.012
2025-07-11 15:26:25,819 14692 INFO ? werkzeug: 127.0.0.1 - - [11/Jul/2025 15:26:25] "GET /hr_contract/static/description/icon.png HTTP/1.1" 200 - 0 0.000 0.007
2025-07-11 15:26:25,820 14692 INFO ? werkzeug: 127.0.0.1 - - [11/Jul/2025 15:26:25] "GET /base/static/img/icons/sale_ebay.png HTTP/1.1" 200 - 0 0.000 0.005
2025-07-11 15:26:25,821 14692 INFO ? werkzeug: 127.0.0.1 - - [11/Jul/2025 15:26:25] "GET /website_hr_recruitment/static/description/icon.png HTTP/1.1" 200 - 0 0.000 0.009
2025-07-11 15:27:17,801 14692 INFO odoo16_test werkzeug: 127.0.0.1 - - [11/Jul/2025 15:27:17] "POST /web/dataset/call_kw/ir.module.module/web_search_read HTTP/1.1" 200 - 5 0.009 0.008
2025-07-11 15:27:17,821 14692 INFO odoo16_test werkzeug: 127.0.0.1 - - [11/Jul/2025 15:27:17] "POST /web/dataset/call_kw/ir.module.module/search_panel_select_range HTTP/1.1" 200 - 37 0.019 0.017
2025-07-11 15:27:18,773 14692 INFO odoo16_test werkzeug: 127.0.0.1 - - [11/Jul/2025 15:27:18] "POST /web/dataset/call_kw/ir.module.module/search_panel_select_range HTTP/1.1" 200 - 37 0.021 0.017
2025-07-11 15:27:19,061 14692 INFO odoo16_test werkzeug: 127.0.0.1 - - [11/Jul/2025 15:27:19] "POST /web/dataset/call_kw/ir.module.module/web_search_read HTTP/1.1" 200 - 5 0.000 0.009
2025-07-11 15:27:20,049 14692 INFO odoo16_test werkzeug: 127.0.0.1 - - [11/Jul/2025 15:27:20] "POST /web/dataset/call_kw/ir.module.module/web_search_read HTTP/1.1" 200 - 6 0.007 0.011
2025-07-11 15:27:20,071 14692 INFO odoo16_test werkzeug: 127.0.0.1 - - [11/Jul/2025 15:27:20] "POST /web/dataset/call_kw/ir.module.module/search_panel_select_range HTTP/1.1" 200 - 37 0.032 0.008
2025-07-11 15:27:20,761 14692 INFO odoo16_test werkzeug: 127.0.0.1 - - [11/Jul/2025 15:27:20] "POST /web/dataset/call_kw/ir.module.module/search_panel_select_range HTTP/1.1" 200 - 37 0.014 0.026
2025-07-11 15:27:21,041 14692 INFO odoo16_test werkzeug: 127.0.0.1 - - [11/Jul/2025 15:27:21] "POST /web/dataset/call_kw/ir.module.module/web_search_read HTTP/1.1" 200 - 5 0.010 0.000
2025-07-11 15:27:21,946 14692 INFO odoo16_test werkzeug: 127.0.0.1 - - [11/Jul/2025 15:27:21] "POST /web/dataset/call_kw/ir.module.module/web_search_read HTTP/1.1" 200 - 5 0.014 0.002
2025-07-11 15:27:21,970 14692 INFO odoo16_test werkzeug: 127.0.0.1 - - [11/Jul/2025 15:27:21] "POST /web/dataset/call_kw/ir.module.module/search_panel_select_range HTTP/1.1" 200 - 37 0.035 0.005
2025-07-11 15:27:22,991 14692 INFO odoo16_test werkzeug: 127.0.0.1 - - [11/Jul/2025 15:27:22] "POST /web/dataset/call_kw/ir.module.module/search_panel_select_range HTTP/1.1" 200 - 37 0.038 0.089
2025-07-11 15:27:23,191 14692 INFO odoo16_test werkzeug: 127.0.0.1 - - [11/Jul/2025 15:27:23] "POST /web/dataset/call_kw/ir.module.module/web_search_read HTTP/1.1" 200 - 5 0.000 0.011
2025-07-11 15:27:24,028 14692 INFO odoo16_test werkzeug: 127.0.0.1 - - [11/Jul/2025 15:27:24] "POST /web/dataset/call_kw/ir.module.module/web_search_read HTTP/1.1" 200 - 5 0.006 0.011
2025-07-11 15:27:24,051 14692 INFO odoo16_test werkzeug: 127.0.0.1 - - [11/Jul/2025 15:27:24] "POST /web/dataset/call_kw/ir.module.module/search_panel_select_range HTTP/1.1" 200 - 37 0.025 0.015
2025-07-11 15:27:24,771 14692 INFO odoo16_test werkzeug: 127.0.0.1 - - [11/Jul/2025 15:27:24] "POST /web/dataset/call_kw/ir.module.module/search_panel_select_range HTTP/1.1" 200 - 37 0.020 0.016
2025-07-11 15:27:25,051 14692 INFO odoo16_test werkzeug: 127.0.0.1 - - [11/Jul/2025 15:27:25] "POST /web/dataset/call_kw/ir.module.module/web_search_read HTTP/1.1" 200 - 5 0.000 0.007
2025-07-11 15:27:25,725 14692 INFO odoo16_test werkzeug: 127.0.0.1 - - [11/Jul/2025 15:27:25] "POST /web/dataset/call_kw/ir.module.module/web_search_read HTTP/1.1" 200 - 5 0.010 0.004
2025-07-11 15:27:25,751 14692 INFO odoo16_test werkzeug: 127.0.0.1 - - [11/Jul/2025 15:27:25] "POST /web/dataset/call_kw/ir.module.module/search_panel_select_range HTTP/1.1" 200 - 37 0.019 0.021
2025-07-11 15:27:26,102 14692 INFO odoo16_test werkzeug: 127.0.0.1 - - [11/Jul/2025 15:27:26] "POST /web/dataset/call_kw/ir.module.module/search_panel_select_range HTTP/1.1" 200 - 37 0.022 0.010
2025-07-11 15:27:26,381 14692 INFO odoo16_test werkzeug: 127.0.0.1 - - [11/Jul/2025 15:27:26] "POST /web/dataset/call_kw/ir.module.module/web_search_read HTTP/1.1" 200 - 5 0.000 0.004
2025-07-11 15:27:27,456 14692 INFO odoo16_test werkzeug: 127.0.0.1 - - [11/Jul/2025 15:27:27] "POST /web/dataset/call_kw/ir.module.module/web_search_read HTTP/1.1" 200 - 3 0.000 0.009
2025-07-11 15:27:27,492 14692 INFO odoo16_test werkzeug: 127.0.0.1 - - [11/Jul/2025 15:27:27] "POST /web/dataset/call_kw/ir.module.module/search_panel_select_range HTTP/1.1" 200 - 37 0.028 0.021
2025-07-11 15:28:34,113 14692 INFO odoo16_test werkzeug: 127.0.0.1 - - [11/Jul/2025 15:28:34] "POST /web/dataset/call_kw/ir.module.module/web_search_read HTTP/1.1" 200 - 5 0.010 0.002
2025-07-11 15:28:34,131 14692 INFO odoo16_test werkzeug: 127.0.0.1 - - [11/Jul/2025 15:28:34] "POST /web/dataset/call_kw/ir.module.module/search_panel_select_range HTTP/1.1" 200 - 37 0.017 0.017
2025-07-11 15:29:11,450 14692 INFO odoo16_test werkzeug: 127.0.0.1 - - [11/Jul/2025 15:29:11] "POST /web/dataset/call_kw/ir.module.module/search_panel_select_range HTTP/1.1" 200 - 37 0.029 0.005
2025-07-11 15:29:11,731 14692 INFO odoo16_test werkzeug: 127.0.0.1 - - [11/Jul/2025 15:29:11] "POST /web/dataset/call_kw/ir.module.module/web_search_read HTTP/1.1" 200 - 3 0.003 0.004
2025-07-11 16:35:48,832 14692 INFO odoo16_test werkzeug: 127.0.0.1 - - [11/Jul/2025 16:35:48] "GET /websocket HTTP/1.1" 101 - 1 0.000 0.005
2025-07-11 17:05:13,119 14692 INFO ? odoo.service.server: Initiating shutdown 
2025-07-11 17:05:13,119 14692 INFO ? odoo.service.server: Hit CTRL-C again or send a second signal to force the shutdown. 
2025-07-11 17:05:13,662 14692 INFO ? odoo.sql_db: ConnectionPool(used=0/count=0/max=64): Closed 7 connections  
2025-07-11 17:05:21,709 3640 INFO ? odoo: Odoo version 16.0-20250710 
2025-07-11 17:05:21,709 3640 INFO ? odoo: Using configuration file at C:\Program Files\Odoo 16.0.20250710\server\odoo.conf 
2025-07-11 17:05:21,709 3640 INFO ? odoo: addons paths: ['C:\\Program Files\\Odoo 16.0.20250710\\server\\odoo\\addons', 'c:\\program files\\odoo 16.0.20250710\\sessions\\addons\\16.0', 'c:\\program files\\odoo 16.0.20250710\\server\\odoo\\addons'] 
2025-07-11 17:05:21,709 3640 INFO ? odoo: database: yonan@localhost:5432 
2025-07-11 17:05:21,915 3640 INFO ? odoo.addons.base.models.ir_actions_report: Will use the Wkhtmltopdf binary at C:\Program Files\Odoo 16.0.20250710\thirdparty\wkhtmltopdf.exe 
2025-07-11 17:05:22,289 3640 INFO ? odoo.service.server: HTTP service (werkzeug) running on DESKTOP-JS0E446.Home:8069 
2025-07-11 17:05:22,573 3640 INFO ? odoo.modules.loading: loading 1 modules... 
2025-07-11 17:05:22,581 3640 INFO ? odoo.modules.loading: 1 modules loaded in 0.01s, 0 queries (+0 extra) 
2025-07-11 17:05:22,591 3640 INFO ? odoo.modules.loading: loading 8 modules... 
2025-07-11 17:05:22,706 3640 INFO ? odoo.modules.loading: 8 modules loaded in 0.11s, 0 queries (+0 extra) 
2025-07-11 17:05:22,739 3640 INFO ? odoo.modules.loading: Modules loaded. 
2025-07-11 17:05:22,739 3640 INFO ? odoo.modules.registry: Registry loaded in 0.267s 
2025-07-11 17:05:22,739 3640 INFO odoo16_test odoo.addons.base.models.ir_http: Generating routing map for key None 
2025-07-11 17:05:22,921 3640 INFO odoo16_test werkzeug: 127.0.0.1 - - [11/Jul/2025 17:05:22] "GET /websocket HTTP/1.1" 101 - 22 0.020 0.431
2025-07-11 17:05:22,927 3640 INFO ? odoo.addons.bus.models.bus: Bus.loop listen imbus on db postgres 
2025-07-11 17:05:33,439 3640 INFO odoo16_test werkzeug: 127.0.0.1 - - [11/Jul/2025 17:05:33] "GET /web HTTP/1.1" 200 - 79 0.064 3.906
2025-07-11 17:05:33,889 3640 INFO odoo16_test werkzeug: 127.0.0.1 - - [11/Jul/2025 17:05:33] "GET /bus/websocket_worker_bundle?v=1.0.5 HTTP/1.1" 304 - 5 0.003 0.011
2025-07-11 17:05:34,319 3640 INFO odoo16_test werkzeug: 127.0.0.1 - - [11/Jul/2025 17:05:34] "GET /web/image?model=res.users&field=avatar_128&id=2 HTTP/1.1" 304 - 17 0.015 0.071
2025-07-11 17:05:34,325 3640 INFO odoo16_test werkzeug: 127.0.0.1 - - [11/Jul/2025 17:05:34] "GET /websocket HTTP/1.1" 101 - 1 0.000 0.078
2025-07-11 17:05:35,869 3640 INFO odoo16_test werkzeug: 127.0.0.1 - - [11/Jul/2025 17:05:35] "POST /web/action/load HTTP/1.1" 200 - 12 0.008 2.002
2025-07-11 17:05:35,874 3640 INFO odoo16_test werkzeug: 127.0.0.1 - - [11/Jul/2025 17:05:35] "GET /web/image/res.company/1/favicon HTTP/1.1" 304 - 10 0.010 1.210
2025-07-11 17:05:36,270 3640 INFO odoo16_test werkzeug: 127.0.0.1 - - [11/Jul/2025 17:05:36] "POST /web/dataset/call_kw/ir.module.module/get_views HTTP/1.1" 200 - 43 0.048 0.033
2025-07-11 17:05:36,483 3640 INFO odoo16_test werkzeug: 127.0.0.1 - - [11/Jul/2025 17:05:36] "POST /web/dataset/call_kw/ir.module.module/search_panel_select_range HTTP/1.1" 200 - 41 0.028 0.013
2025-07-11 17:05:36,603 3640 INFO odoo16_test werkzeug: 127.0.0.1 - - [11/Jul/2025 17:05:36] "POST /web/dataset/call_kw/ir.module.module/web_search_read HTTP/1.1" 200 - 3 0.004 0.002
2025-07-11 17:08:13,640 3640 INFO odoo16_test werkzeug: 127.0.0.1 - - [11/Jul/2025 17:08:13] "POST /web/dataset/call_kw/ir.module.module/search_panel_select_range HTTP/1.1" 200 - 37 0.029 0.017
2025-07-11 17:08:13,865 3640 INFO odoo16_test werkzeug: 127.0.0.1 - - [11/Jul/2025 17:08:13] "POST /web/dataset/call_kw/ir.module.module/web_search_read HTTP/1.1" 200 - 2 0.002 0.008
2025-07-11 17:08:13,964 3640 INFO ? werkzeug: 127.0.0.1 - - [11/Jul/2025 17:08:13] "GET /web/static/img/empty_folder.svg HTTP/1.1" 200 - 0 0.000 0.006
2025-07-11 17:09:03,892 3640 INFO ? odoo.service.server: Initiating shutdown 
2025-07-11 17:09:03,892 3640 INFO ? odoo.service.server: Hit CTRL-C again or send a second signal to force the shutdown. 
2025-07-11 17:09:04,957 3640 INFO ? odoo.sql_db: ConnectionPool(used=0/count=0/max=64): Closed 5 connections  
2025-07-11 17:09:08,531 10196 INFO ? odoo: Odoo version 16.0-20250710 
2025-07-11 17:09:08,531 10196 INFO ? odoo: Using configuration file at C:\Program Files\Odoo 16.0.20250710\server\odoo.conf 
2025-07-11 17:09:08,531 10196 INFO ? odoo: addons paths: ['C:\\Program Files\\Odoo 16.0.20250710\\server\\odoo\\addons', 'c:\\program files\\odoo 16.0.20250710\\sessions\\addons\\16.0', 'c:\\program files\\odoo 16.0.20250710\\server\\odoo\\addons'] 
2025-07-11 17:09:08,531 10196 INFO ? odoo: database: yonan@localhost:5432 
2025-07-11 17:09:08,697 10196 INFO ? odoo.addons.base.models.ir_actions_report: Will use the Wkhtmltopdf binary at C:\Program Files\Odoo 16.0.20250710\thirdparty\wkhtmltopdf.exe 
2025-07-11 17:09:08,895 10196 INFO ? odoo.service.server: HTTP service (werkzeug) running on DESKTOP-JS0E446.Home:8069 
2025-07-11 17:09:12,193 10196 INFO ? odoo.modules.loading: loading 1 modules... 
2025-07-11 17:09:12,201 10196 INFO ? odoo.modules.loading: 1 modules loaded in 0.01s, 0 queries (+0 extra) 
2025-07-11 17:09:12,208 10196 INFO ? odoo.modules.loading: loading 8 modules... 
2025-07-11 17:09:12,349 10196 INFO ? odoo.modules.loading: 8 modules loaded in 0.14s, 0 queries (+0 extra) 
2025-07-11 17:09:12,416 10196 INFO ? odoo.modules.loading: Modules loaded. 
2025-07-11 17:09:12,421 10196 INFO ? odoo.modules.registry: Registry loaded in 0.306s 
2025-07-11 17:09:12,421 10196 INFO odoo16_test odoo.addons.base.models.ir_http: Generating routing map for key None 
2025-07-11 17:09:12,861 10196 INFO odoo16_test werkzeug: 127.0.0.1 - - [11/Jul/2025 17:09:12] "GET /websocket HTTP/1.1" 101 - 22 0.011 0.738
2025-07-11 17:09:12,862 10196 INFO ? odoo.addons.bus.models.bus: Bus.loop listen imbus on db postgres 
2025-07-11 17:09:17,547 10196 INFO odoo16_test werkzeug: 127.0.0.1 - - [11/Jul/2025 17:09:17] "GET /web HTTP/1.1" 200 - 79 0.038 3.441
2025-07-11 17:09:17,944 10196 INFO odoo16_test werkzeug: 127.0.0.1 - - [11/Jul/2025 17:09:17] "GET /bus/websocket_worker_bundle?v=1.0.5 HTTP/1.1" 304 - 5 0.002 0.011
2025-07-11 17:09:18,369 10196 INFO odoo16_test werkzeug: 127.0.0.1 - - [11/Jul/2025 17:09:18] "GET /web/image?model=res.users&field=avatar_128&id=2 HTTP/1.1" 304 - 17 0.020 0.066
2025-07-11 17:09:18,377 10196 INFO odoo16_test werkzeug: 127.0.0.1 - - [11/Jul/2025 17:09:18] "GET /websocket HTTP/1.1" 101 - 1 0.000 0.076
2025-07-11 17:09:19,496 10196 INFO odoo16_test werkzeug: 127.0.0.1 - - [11/Jul/2025 17:09:19] "GET /web/image/res.company/1/favicon HTTP/1.1" 304 - 10 0.001 0.801
2025-07-11 17:09:19,511 10196 INFO odoo16_test werkzeug: 127.0.0.1 - - [11/Jul/2025 17:09:19] "POST /web/action/load HTTP/1.1" 200 - 12 0.015 1.568
2025-07-11 17:09:19,874 10196 INFO odoo16_test werkzeug: 127.0.0.1 - - [11/Jul/2025 17:09:19] "POST /web/dataset/call_kw/ir.module.module/get_views HTTP/1.1" 200 - 43 0.018 0.032
2025-07-11 17:09:20,131 10196 INFO odoo16_test werkzeug: 127.0.0.1 - - [11/Jul/2025 17:09:20] "POST /web/dataset/call_kw/ir.module.module/search_panel_select_range HTTP/1.1" 200 - 41 0.018 0.010
2025-07-11 17:09:20,213 10196 INFO odoo16_test werkzeug: 127.0.0.1 - - [11/Jul/2025 17:09:20] "POST /web/dataset/call_kw/ir.module.module/web_search_read HTTP/1.1" 200 - 3 0.005 0.005
2025-07-11 17:09:27,325 10196 INFO odoo16_test werkzeug: 127.0.0.1 - - [11/Jul/2025 17:09:27] "POST /web/dataset/call_kw/ir.module.module/search_panel_select_range HTTP/1.1" 200 - 37 0.033 0.018
2025-07-11 17:09:27,646 10196 INFO odoo16_test werkzeug: 127.0.0.1 - - [11/Jul/2025 17:09:27] "POST /web/dataset/call_kw/ir.module.module/web_search_read HTTP/1.1" 200 - 2 0.005 0.003
2025-07-11 17:14:11,209 10196 INFO odoo16_test werkzeug: 127.0.0.1 - - [11/Jul/2025 17:14:11] "POST /web/dataset/call_kw/ir.module.module/search_panel_select_range HTTP/1.1" 200 - 37 0.022 0.018
2025-07-11 17:14:11,436 10196 INFO odoo16_test werkzeug: 127.0.0.1 - - [11/Jul/2025 17:14:11] "POST /web/dataset/call_kw/ir.module.module/web_search_read HTTP/1.1" 200 - 3 0.009 0.002
2025-07-11 17:14:19,504 10196 INFO odoo16_test werkzeug: 127.0.0.1 - - [11/Jul/2025 17:14:19] "POST /web/dataset/call_kw/ir.module.module/search_panel_select_range HTTP/1.1" 200 - 37 0.044 0.016
2025-07-11 17:14:19,828 10196 INFO odoo16_test werkzeug: 127.0.0.1 - - [11/Jul/2025 17:14:19] "POST /web/dataset/call_kw/ir.module.module/web_search_read HTTP/1.1" 200 - 2 0.002 0.006
2025-07-11 17:14:23,910 10196 INFO odoo16_test werkzeug: 127.0.0.1 - - [11/Jul/2025 17:14:23] "GET /web HTTP/1.1" 200 - 9 0.013 0.008
2025-07-11 17:14:24,324 10196 INFO odoo16_test werkzeug: 127.0.0.1 - - [11/Jul/2025 17:14:24] "POST /web/action/load HTTP/1.1" 200 - 10 0.007 0.007
2025-07-11 17:14:24,634 10196 INFO odoo16_test werkzeug: 127.0.0.1 - - [11/Jul/2025 17:14:24] "POST /web/dataset/call_kw/ir.module.module/get_views HTTP/1.1" 200 - 3 0.000 0.014
2025-07-11 17:14:24,720 10196 INFO odoo16_test werkzeug: 127.0.0.1 - - [11/Jul/2025 17:14:24] "POST /web/dataset/call_kw/ir.module.module/web_search_read HTTP/1.1" 200 - 3 0.004 0.002
2025-07-11 17:14:24,745 10196 INFO odoo16_test werkzeug: 127.0.0.1 - - [11/Jul/2025 17:14:24] "POST /web/dataset/call_kw/ir.module.module/search_panel_select_range HTTP/1.1" 200 - 37 0.033 0.011
2025-07-11 17:14:25,000 10196 INFO odoo16_test werkzeug: 127.0.0.1 - - [11/Jul/2025 17:14:25] "GET /bus/websocket_worker_bundle?v=1.0.5 HTTP/1.1" 304 - 4 0.004 0.021
2025-07-11 17:14:25,004 10196 INFO odoo16_test werkzeug: 127.0.0.1 - - [11/Jul/2025 17:14:25] "GET /web/image?model=res.users&field=avatar_128&id=2 HTTP/1.1" 304 - 9 0.020 0.010
2025-07-11 17:14:25,352 10196 INFO odoo16_test werkzeug: 127.0.0.1 - - [11/Jul/2025 17:14:25] "GET /web/image/res.company/1/favicon HTTP/1.1" 304 - 5 0.002 0.014
2025-07-11 17:14:25,352 10196 INFO odoo16_test werkzeug: 127.0.0.1 - - [11/Jul/2025 17:14:25] "GET /websocket HTTP/1.1" 101 - 1 0.003 0.014
2025-07-11 17:14:32,054 10196 INFO odoo16_test werkzeug: 127.0.0.1 - - [11/Jul/2025 17:14:32] "POST /web/dataset/call_kw/ir.module.module/search_panel_select_range HTTP/1.1" 200 - 37 0.015 0.024
2025-07-11 17:14:32,328 10196 INFO odoo16_test werkzeug: 127.0.0.1 - - [11/Jul/2025 17:14:32] "POST /web/dataset/call_kw/ir.module.module/web_search_read HTTP/1.1" 200 - 5 0.008 0.001
2025-07-11 17:14:36,027 10196 INFO odoo16_test werkzeug: 127.0.0.1 - - [11/Jul/2025 17:14:36] "POST /web/dataset/call_kw/ir.module.module/web_search_read HTTP/1.1" 200 - 5 0.006 0.007
2025-07-11 17:14:36,054 10196 INFO odoo16_test werkzeug: 127.0.0.1 - - [11/Jul/2025 17:14:36] "POST /web/dataset/call_kw/ir.module.module/search_panel_select_range HTTP/1.1" 200 - 37 0.027 0.016
2025-07-11 17:14:36,748 10196 INFO odoo16_test werkzeug: 127.0.0.1 - - [11/Jul/2025 17:14:36] "POST /web/dataset/call_kw/ir.module.module/search_panel_select_range HTTP/1.1" 200 - 37 0.038 0.008
2025-07-11 17:14:37,024 10196 INFO odoo16_test werkzeug: 127.0.0.1 - - [11/Jul/2025 17:14:37] "POST /web/dataset/call_kw/ir.module.module/web_search_read HTTP/1.1" 200 - 5 0.006 0.000
2025-07-11 17:14:37,525 10196 INFO odoo16_test werkzeug: 127.0.0.1 - - [11/Jul/2025 17:14:37] "POST /web/dataset/call_kw/ir.module.module/web_search_read HTTP/1.1" 200 - 5 0.004 0.009
2025-07-11 17:14:37,558 10196 INFO odoo16_test werkzeug: 127.0.0.1 - - [11/Jul/2025 17:14:37] "POST /web/dataset/call_kw/ir.module.module/search_panel_select_range HTTP/1.1" 200 - 37 0.026 0.016
2025-07-11 17:14:38,274 10196 INFO odoo16_test werkzeug: 127.0.0.1 - - [11/Jul/2025 17:14:38] "POST /web/dataset/call_kw/ir.module.module/search_panel_select_range HTTP/1.1" 200 - 37 0.029 0.010
2025-07-11 17:14:38,555 10196 INFO odoo16_test werkzeug: 127.0.0.1 - - [11/Jul/2025 17:14:38] "POST /web/dataset/call_kw/ir.module.module/web_search_read HTTP/1.1" 200 - 5 0.004 0.006
2025-07-11 17:14:39,723 10196 INFO odoo16_test werkzeug: 127.0.0.1 - - [11/Jul/2025 17:14:39] "POST /web/dataset/call_kw/ir.module.module/web_search_read HTTP/1.1" 200 - 5 0.007 0.012
2025-07-11 17:14:39,752 10196 INFO odoo16_test werkzeug: 127.0.0.1 - - [11/Jul/2025 17:14:39] "POST /web/dataset/call_kw/ir.module.module/search_panel_select_range HTTP/1.1" 200 - 37 0.025 0.023
2025-07-11 17:14:40,310 10196 INFO odoo16_test werkzeug: 127.0.0.1 - - [11/Jul/2025 17:14:40] "POST /web/dataset/call_kw/ir.module.module/search_panel_select_range HTTP/1.1" 200 - 37 0.036 0.014
2025-07-11 17:14:40,578 10196 INFO odoo16_test werkzeug: 127.0.0.1 - - [11/Jul/2025 17:14:40] "POST /web/dataset/call_kw/ir.module.module/web_search_read HTTP/1.1" 200 - 5 0.008 0.004
2025-07-11 17:14:43,762 10196 INFO odoo16_test werkzeug: 127.0.0.1 - - [11/Jul/2025 17:14:43] "POST /web/dataset/call_kw/ir.module.module/web_search_read HTTP/1.1" 200 - 3 0.012 0.003
2025-07-11 17:14:43,811 10196 INFO odoo16_test werkzeug: 127.0.0.1 - - [11/Jul/2025 17:14:43] "POST /web/dataset/call_kw/ir.module.module/search_panel_select_range HTTP/1.1" 200 - 37 0.049 0.015
2025-07-11 17:14:56,740 10196 INFO ? odoo.service.server: Initiating shutdown 
2025-07-11 17:14:56,741 10196 INFO ? odoo.service.server: Hit CTRL-C again or send a second signal to force the shutdown. 
2025-07-11 17:14:57,844 10196 INFO ? odoo.sql_db: ConnectionPool(used=0/count=0/max=64): Closed 5 connections  
2025-07-11 17:15:01,379 15932 INFO ? odoo: Odoo version 16.0-20250710 
2025-07-11 17:15:01,384 15932 INFO ? odoo: Using configuration file at C:\Program Files\Odoo 16.0.20250710\server\odoo.conf 
2025-07-11 17:15:01,384 15932 INFO ? odoo: addons paths: ['C:\\Program Files\\Odoo 16.0.20250710\\server\\odoo\\addons', 'c:\\program files\\odoo 16.0.20250710\\sessions\\addons\\16.0', 'c:\\program files\\odoo 16.0.20250710\\server\\odoo\\addons'] 
2025-07-11 17:15:01,384 15932 INFO ? odoo: database: yonan@localhost:5432 
2025-07-11 17:15:01,538 15932 INFO ? odoo.addons.base.models.ir_actions_report: Will use the Wkhtmltopdf binary at C:\Program Files\Odoo 16.0.20250710\thirdparty\wkhtmltopdf.exe 
2025-07-11 17:15:01,760 15932 INFO ? odoo.service.server: HTTP service (werkzeug) running on DESKTOP-JS0E446.Home:8069 
2025-07-11 17:15:06,032 15932 INFO ? odoo.modules.loading: loading 1 modules... 
2025-07-11 17:15:06,041 15932 INFO ? odoo.modules.loading: 1 modules loaded in 0.01s, 0 queries (+0 extra) 
2025-07-11 17:15:06,049 15932 INFO ? odoo.modules.loading: loading 8 modules... 
2025-07-11 17:15:06,199 15932 INFO ? odoo.modules.loading: 8 modules loaded in 0.15s, 0 queries (+0 extra) 
2025-07-11 17:15:06,266 15932 INFO ? odoo.modules.loading: Modules loaded. 
2025-07-11 17:15:06,275 15932 INFO ? odoo.modules.registry: Registry loaded in 0.316s 
2025-07-11 17:15:06,275 15932 INFO odoo16_test odoo.addons.base.models.ir_http: Generating routing map for key None 
2025-07-11 17:15:06,694 15932 INFO odoo16_test werkzeug: 127.0.0.1 - - [11/Jul/2025 17:15:06] "GET /websocket HTTP/1.1" 101 - 22 0.016 0.722
2025-07-11 17:15:06,704 15932 INFO ? odoo.addons.bus.models.bus: Bus.loop listen imbus on db postgres 
2025-07-11 17:15:14,364 15932 INFO odoo16_test werkzeug: 127.0.0.1 - - [11/Jul/2025 17:15:14] "GET /web HTTP/1.1" 200 - 79 0.080 4.397
2025-07-11 17:15:14,764 15932 INFO odoo16_test werkzeug: 127.0.0.1 - - [11/Jul/2025 17:15:14] "GET /bus/websocket_worker_bundle?v=1.0.5 HTTP/1.1" 304 - 5 0.006 0.011
2025-07-11 17:15:15,166 15932 INFO odoo16_test werkzeug: 127.0.0.1 - - [11/Jul/2025 17:15:15] "GET /web/image?model=res.users&field=avatar_128&id=2 HTTP/1.1" 304 - 17 0.029 0.051
2025-07-11 17:15:15,178 15932 INFO odoo16_test werkzeug: 127.0.0.1 - - [11/Jul/2025 17:15:15] "GET /websocket HTTP/1.1" 101 - 1 0.000 0.083
2025-07-11 17:15:16,629 15932 INFO odoo16_test werkzeug: 127.0.0.1 - - [11/Jul/2025 17:15:16] "GET /web/image/res.company/1/favicon HTTP/1.1" 304 - 10 0.008 1.127
2025-07-11 17:15:16,641 15932 INFO odoo16_test werkzeug: 127.0.0.1 - - [11/Jul/2025 17:15:16] "POST /web/action/load HTTP/1.1" 200 - 12 0.013 1.887
2025-07-11 17:15:17,047 15932 INFO odoo16_test werkzeug: 127.0.0.1 - - [11/Jul/2025 17:15:17] "POST /web/dataset/call_kw/ir.module.module/get_views HTTP/1.1" 200 - 43 0.041 0.051
2025-07-11 17:15:17,259 15932 INFO odoo16_test werkzeug: 127.0.0.1 - - [11/Jul/2025 17:15:17] "POST /web/dataset/call_kw/ir.module.module/search_panel_select_range HTTP/1.1" 200 - 41 0.034 0.007
2025-07-11 17:15:17,376 15932 INFO odoo16_test werkzeug: 127.0.0.1 - - [11/Jul/2025 17:15:17] "POST /web/dataset/call_kw/ir.module.module/web_search_read HTTP/1.1" 200 - 3 0.001 0.005
2025-07-11 17:15:23,174 15932 INFO odoo16_test werkzeug: 127.0.0.1 - - [11/Jul/2025 17:15:23] "POST /web/dataset/call_kw/ir.module.module/search_panel_select_range HTTP/1.1" 200 - 37 0.041 0.014
2025-07-11 17:15:23,505 15932 INFO odoo16_test werkzeug: 127.0.0.1 - - [11/Jul/2025 17:15:23] "POST /web/dataset/call_kw/ir.module.module/web_search_read HTTP/1.1" 200 - 2 0.000 0.010
2025-07-11 17:16:46,658 15932 INFO odoo16_test werkzeug: 127.0.0.1 - - [11/Jul/2025 17:16:46] "POST /web/dataset/call_kw/ir.module.module/web_search_read HTTP/1.1" 200 - 4 0.004 0.009
2025-07-11 17:16:46,696 15932 INFO odoo16_test werkzeug: 127.0.0.1 - - [11/Jul/2025 17:16:46] "POST /web/dataset/call_kw/ir.module.module/search_panel_select_range HTTP/1.1" 200 - 37 0.037 0.015
2025-07-11 17:16:48,706 15932 INFO odoo16_test werkzeug: 127.0.0.1 - - [11/Jul/2025 17:16:48] "POST /web/dataset/call_kw/ir.module.module/search_panel_select_range HTTP/1.1" 200 - 37 0.039 0.012
2025-07-11 17:16:48,979 15932 INFO odoo16_test werkzeug: 127.0.0.1 - - [11/Jul/2025 17:16:48] "POST /web/dataset/call_kw/ir.module.module/web_search_read HTTP/1.1" 200 - 4 0.007 0.006
2025-07-11 17:16:50,072 15932 INFO odoo16_test werkzeug: 127.0.0.1 - - [11/Jul/2025 17:16:50] "POST /web/dataset/call_kw/ir.module.module/web_search_read HTTP/1.1" 200 - 4 0.004 0.010
2025-07-11 17:16:50,112 15932 INFO odoo16_test werkzeug: 127.0.0.1 - - [11/Jul/2025 17:16:50] "POST /web/dataset/call_kw/ir.module.module/search_panel_select_range HTTP/1.1" 200 - 37 0.042 0.012
2025-07-11 17:16:50,355 15932 INFO odoo16_test werkzeug: 127.0.0.1 - - [11/Jul/2025 17:16:50] "POST /web/dataset/call_kw/ir.module.module/search_panel_select_range HTTP/1.1" 200 - 37 0.038 0.020
2025-07-11 17:16:50,611 15932 INFO odoo16_test werkzeug: 127.0.0.1 - - [11/Jul/2025 17:16:50] "POST /web/dataset/call_kw/ir.module.module/web_search_read HTTP/1.1" 200 - 4 0.001 0.006
2025-07-11 17:16:50,860 15932 INFO odoo16_test werkzeug: 127.0.0.1 - - [11/Jul/2025 17:16:50] "POST /web/dataset/call_kw/ir.module.module/search_panel_select_range HTTP/1.1" 200 - 37 0.047 0.008
2025-07-11 17:16:51,126 15932 INFO odoo16_test werkzeug: 127.0.0.1 - - [11/Jul/2025 17:16:51] "POST /web/dataset/call_kw/ir.module.module/web_search_read HTTP/1.1" 200 - 4 0.007 0.004
2025-07-11 17:16:51,614 15932 INFO odoo16_test werkzeug: 127.0.0.1 - - [11/Jul/2025 17:16:51] "POST /web/dataset/call_kw/ir.module.module/web_search_read HTTP/1.1" 200 - 4 0.006 0.004
2025-07-11 17:16:51,645 15932 INFO odoo16_test werkzeug: 127.0.0.1 - - [11/Jul/2025 17:16:51] "POST /web/dataset/call_kw/ir.module.module/search_panel_select_range HTTP/1.1" 200 - 37 0.030 0.012
2025-07-11 17:16:51,922 15932 INFO odoo16_test werkzeug: 127.0.0.1 - - [11/Jul/2025 17:16:51] "POST /web/dataset/call_kw/ir.module.module/search_panel_select_range HTTP/1.1" 200 - 37 0.037 0.024
2025-07-11 17:16:52,050 15932 INFO odoo16_test werkzeug: 127.0.0.1 - - [11/Jul/2025 17:16:52] "POST /web/dataset/call_kw/ir.module.module/web_search_read HTTP/1.1" 200 - 4 0.003 0.010
2025-07-11 17:16:52,225 15932 INFO odoo16_test werkzeug: 127.0.0.1 - - [11/Jul/2025 17:16:52] "POST /web/dataset/call_kw/ir.module.module/search_panel_select_range HTTP/1.1" 200 - 37 0.041 0.014
2025-07-11 17:16:52,494 15932 INFO odoo16_test werkzeug: 127.0.0.1 - - [11/Jul/2025 17:16:52] "POST /web/dataset/call_kw/ir.module.module/web_search_read HTTP/1.1" 200 - 5 0.004 0.011
2025-07-11 17:16:52,946 15932 INFO odoo16_test werkzeug: 127.0.0.1 - - [11/Jul/2025 17:16:52] "POST /web/dataset/call_kw/ir.module.module/web_search_read HTTP/1.1" 200 - 4 0.005 0.006
2025-07-11 17:16:52,980 15932 INFO odoo16_test werkzeug: 127.0.0.1 - - [11/Jul/2025 17:16:52] "POST /web/dataset/call_kw/ir.module.module/search_panel_select_range HTTP/1.1" 200 - 37 0.032 0.015
2025-07-11 17:16:53,245 15932 INFO odoo16_test werkzeug: 127.0.0.1 - - [11/Jul/2025 17:16:53] "POST /web/dataset/call_kw/ir.module.module/search_panel_select_range HTTP/1.1" 200 - 37 0.024 0.031
2025-07-11 17:16:53,506 15932 INFO odoo16_test werkzeug: 127.0.0.1 - - [11/Jul/2025 17:16:53] "POST /web/dataset/call_kw/ir.module.module/web_search_read HTTP/1.1" 200 - 4 0.000 0.010
2025-07-11 17:16:53,975 15932 INFO odoo16_test werkzeug: 127.0.0.1 - - [11/Jul/2025 17:16:53] "POST /web/dataset/call_kw/ir.module.module/web_search_read HTTP/1.1" 200 - 2 0.002 0.007
2025-07-11 17:16:54,017 15932 INFO odoo16_test werkzeug: 127.0.0.1 - - [11/Jul/2025 17:16:54] "POST /web/dataset/call_kw/ir.module.module/search_panel_select_range HTTP/1.1" 200 - 37 0.039 0.012
2025-07-11 17:16:56,756 15932 INFO odoo16_test werkzeug: 127.0.0.1 - - [11/Jul/2025 17:16:56] "POST /web/dataset/call_kw/ir.module.module/search_panel_select_range HTTP/1.1" 200 - 37 0.033 0.010
2025-07-11 17:16:57,075 15932 INFO odoo16_test werkzeug: 127.0.0.1 - - [11/Jul/2025 17:16:57] "POST /web/dataset/call_kw/ir.module.module/web_search_read HTTP/1.1" 200 - 3 0.005 0.005
2025-07-11 17:16:59,935 15932 INFO odoo16_test werkzeug: 127.0.0.1 - - [11/Jul/2025 17:16:59] "POST /web/dataset/call_kw/ir.module.module/search_panel_select_range HTTP/1.1" 200 - 37 0.032 0.016
2025-07-11 17:17:00,210 15932 INFO odoo16_test werkzeug: 127.0.0.1 - - [11/Jul/2025 17:17:00] "POST /web/dataset/call_kw/ir.module.module/web_search_read HTTP/1.1" 200 - 5 0.000 0.014
2025-07-11 17:17:01,833 15932 INFO odoo16_test werkzeug: 127.0.0.1 - - [11/Jul/2025 17:17:01] "POST /web/dataset/call_kw/ir.module.module/web_search_read HTTP/1.1" 200 - 5 0.011 0.004
2025-07-11 17:17:01,965 15932 INFO odoo16_test werkzeug: 127.0.0.1 - - [11/Jul/2025 17:17:01] "POST /web/dataset/call_kw/ir.module.module/search_panel_select_range HTTP/1.1" 200 - 37 0.021 0.126
2025-07-11 17:17:02,645 15932 INFO odoo16_test werkzeug: 127.0.0.1 - - [11/Jul/2025 17:17:02] "POST /web/dataset/call_kw/ir.module.module/search_panel_select_range HTTP/1.1" 200 - 37 0.048 0.000
2025-07-11 17:17:02,930 15932 INFO odoo16_test werkzeug: 127.0.0.1 - - [11/Jul/2025 17:17:02] "POST /web/dataset/call_kw/ir.module.module/web_search_read HTTP/1.1" 200 - 5 0.009 0.006
2025-07-11 17:17:04,465 15932 INFO odoo16_test werkzeug: 127.0.0.1 - - [11/Jul/2025 17:17:04] "POST /web/dataset/call_kw/ir.module.module/web_search_read HTTP/1.1" 200 - 6 0.006 0.012
2025-07-11 17:17:04,492 15932 INFO odoo16_test werkzeug: 127.0.0.1 - - [11/Jul/2025 17:17:04] "POST /web/dataset/call_kw/ir.module.module/search_panel_select_range HTTP/1.1" 200 - 37 0.040 0.007
2025-07-11 17:17:05,470 15932 INFO odoo16_test werkzeug: 127.0.0.1 - - [11/Jul/2025 17:17:05] "POST /web/dataset/call_kw/ir.module.module/search_panel_select_range HTTP/1.1" 200 - 37 0.033 0.016
2025-07-11 17:17:05,748 15932 INFO odoo16_test werkzeug: 127.0.0.1 - - [11/Jul/2025 17:17:05] "POST /web/dataset/call_kw/ir.module.module/web_search_read HTTP/1.1" 200 - 5 0.000 0.008
2025-07-11 17:17:12,038 15932 INFO odoo16_test werkzeug: 127.0.0.1 - - [11/Jul/2025 17:17:12] "POST /web/dataset/call_kw/ir.module.module/web_search_read HTTP/1.1" 200 - 5 0.010 0.006
2025-07-11 17:17:12,060 15932 INFO odoo16_test werkzeug: 127.0.0.1 - - [11/Jul/2025 17:17:12] "POST /web/dataset/call_kw/ir.module.module/search_panel_select_range HTTP/1.1" 200 - 37 0.026 0.012
2025-07-11 17:17:14,626 15932 INFO odoo16_test werkzeug: 127.0.0.1 - - [11/Jul/2025 17:17:14] "POST /web/dataset/call_kw/ir.module.module/search_panel_select_range HTTP/1.1" 200 - 37 0.038 0.012
2025-07-11 17:17:14,901 15932 INFO odoo16_test werkzeug: 127.0.0.1 - - [11/Jul/2025 17:17:14] "POST /web/dataset/call_kw/ir.module.module/web_search_read HTTP/1.1" 200 - 3 0.006 0.003
2025-07-11 17:21:41,016 15932 INFO odoo16_test werkzeug: 127.0.0.1 - - [11/Jul/2025 17:21:41] "POST /web/dataset/call_kw/ir.module.module/web_search_read HTTP/1.1" 200 - 4 0.002 0.011
2025-07-11 17:21:41,042 15932 INFO odoo16_test werkzeug: 127.0.0.1 - - [11/Jul/2025 17:21:41] "POST /web/dataset/call_kw/ir.module.module/search_panel_select_range HTTP/1.1" 200 - 37 0.034 0.010
2025-07-11 17:21:41,283 15932 INFO ? werkzeug: 127.0.0.1 - - [11/Jul/2025 17:21:41] "GET /base/static/description/icon.png HTTP/1.1" 200 - 0 0.000 0.014
2025-07-11 17:21:41,405 15932 INFO ? werkzeug: 127.0.0.1 - - [11/Jul/2025 17:21:41] "GET /l10n_ar_website_sale/static/description/icon.png HTTP/1.1" 200 - 0 0.000 0.016
2025-07-11 17:21:45,160 15932 INFO odoo16_test werkzeug: 127.0.0.1 - - [11/Jul/2025 17:21:45] "POST /web/dataset/call_kw/ir.module.module/search_panel_select_range HTTP/1.1" 200 - 37 0.041 0.015
2025-07-11 17:21:45,490 15932 INFO odoo16_test werkzeug: 127.0.0.1 - - [11/Jul/2025 17:21:45] "POST /web/dataset/call_kw/ir.module.module/web_search_read HTTP/1.1" 200 - 2 0.010 0.000
2025-07-11 17:21:53,624 15932 INFO odoo16_test werkzeug: 127.0.0.1 - - [11/Jul/2025 17:21:53] "POST /web/dataset/call_kw/ir.module.module/get_views HTTP/1.1" 200 - 3 0.004 0.010
2025-07-11 17:21:53,960 15932 INFO odoo16_test werkzeug: 127.0.0.1 - - [11/Jul/2025 17:21:53] "POST /web/dataset/call_kw/ir.module.module/web_search_read HTTP/1.1" 200 - 3 0.000 0.014
2025-07-11 17:21:53,989 15932 INFO odoo16_test werkzeug: 127.0.0.1 - - [11/Jul/2025 17:21:53] "POST /web/dataset/call_kw/ir.module.module/search_panel_select_range HTTP/1.1" 200 - 37 0.022 0.021
2025-07-11 17:22:05,790 15932 INFO odoo16_test werkzeug: 127.0.0.1 - - [11/Jul/2025 17:22:05] "POST /web/dataset/call_kw/ir.module.module/web_search_read HTTP/1.1" 200 - 4 0.009 0.010
2025-07-11 17:22:06,090 15932 INFO odoo16_test werkzeug: 127.0.0.1 - - [11/Jul/2025 17:22:06] "POST /web/dataset/call_kw/res.users/has_group HTTP/1.1" 200 - 2 0.001 0.003
2025-07-11 17:22:08,150 15932 INFO odoo16_test werkzeug: 127.0.0.1 - - [11/Jul/2025 17:22:08] "POST /web/dataset/call_kw/ir.module.module/web_search_read HTTP/1.1" 200 - 4 0.006 0.010
2025-07-11 17:22:09,578 15932 INFO odoo16_test werkzeug: 127.0.0.1 - - [11/Jul/2025 17:22:09] "POST /web/dataset/call_kw/ir.module.module/web_search_read HTTP/1.1" 200 - 4 0.001 0.016
2025-07-11 17:22:10,809 15932 INFO odoo16_test werkzeug: 127.0.0.1 - - [11/Jul/2025 17:22:10] "POST /web/dataset/call_kw/ir.module.module/web_search_read HTTP/1.1" 200 - 4 0.008 0.020
2025-07-11 17:22:11,622 15932 INFO odoo16_test werkzeug: 127.0.0.1 - - [11/Jul/2025 17:22:11] "POST /web/dataset/call_kw/ir.module.module/web_search_read HTTP/1.1" 200 - 3 0.006 0.006
2025-07-11 18:06:03,839 15932 INFO odoo16_test werkzeug: 127.0.0.1 - - [11/Jul/2025 18:06:03] "GET /websocket HTTP/1.1" 101 - 1 0.000 0.008
2025-07-11 18:20:19,443 15932 INFO ? odoo.service.server: Initiating shutdown 
2025-07-11 18:20:19,443 15932 INFO ? odoo.service.server: Hit CTRL-C again or send a second signal to force the shutdown. 
2025-07-11 18:20:19,676 15932 INFO ? odoo.sql_db: ConnectionPool(used=0/count=0/max=64): Closed 5 connections  
2025-07-11 18:20:22,081 8136 INFO ? odoo: Odoo version 16.0-20250710 
2025-07-11 18:20:22,081 8136 INFO ? odoo: Using configuration file at C:\Program Files\Odoo 16.0.20250710\server\odoo.conf 
2025-07-11 18:20:22,083 8136 INFO ? odoo: addons paths: ['C:\\Program Files\\Odoo 16.0.20250710\\server\\odoo\\addons', 'c:\\program files\\odoo 16.0.20250710\\sessions\\addons\\16.0', 'c:\\program files\\odoo 16.0.20250710\\server\\odoo\\addons'] 
2025-07-11 18:20:22,083 8136 INFO ? odoo: database: yonan@localhost:5432 
2025-07-11 18:20:22,250 8136 INFO ? odoo.addons.base.models.ir_actions_report: Will use the Wkhtmltopdf binary at C:\Program Files\Odoo 16.0.20250710\thirdparty\wkhtmltopdf.exe 
2025-07-11 18:20:22,471 8136 INFO ? odoo.service.server: HTTP service (werkzeug) running on DESKTOP-JS0E446.Home:8069 
2025-07-11 18:20:23,067 8136 INFO ? odoo.modules.loading: loading 1 modules... 
2025-07-11 18:20:23,077 8136 INFO ? odoo.modules.loading: 1 modules loaded in 0.01s, 0 queries (+0 extra) 
2025-07-11 18:20:23,087 8136 INFO ? odoo.modules.loading: loading 8 modules... 
2025-07-11 18:20:23,159 8136 INFO ? odoo.modules.loading: 8 modules loaded in 0.07s, 0 queries (+0 extra) 
2025-07-11 18:20:23,197 8136 INFO ? odoo.modules.loading: Modules loaded. 
2025-07-11 18:20:23,197 8136 INFO ? odoo.modules.registry: Registry loaded in 0.214s 
2025-07-11 18:20:23,197 8136 INFO odoo16_test odoo.addons.base.models.ir_http: Generating routing map for key None 
2025-07-11 18:20:23,337 8136 INFO odoo16_test werkzeug: 127.0.0.1 - - [11/Jul/2025 18:20:23] "GET /websocket HTTP/1.1" 101 - 22 0.021 0.333
2025-07-11 18:20:23,348 8136 INFO ? odoo.addons.bus.models.bus: Bus.loop listen imbus on db postgres 
2025-07-11 18:20:34,357 8136 INFO odoo16_test werkzeug: 127.0.0.1 - - [11/Jul/2025 18:20:34] "GET /web HTTP/1.1" 200 - 79 0.064 3.598
2025-07-11 18:20:34,763 8136 INFO odoo16_test werkzeug: 127.0.0.1 - - [11/Jul/2025 18:20:34] "GET /bus/websocket_worker_bundle?v=1.0.5 HTTP/1.1" 304 - 5 0.004 0.004
2025-07-11 18:20:35,122 8136 INFO odoo16_test werkzeug: 127.0.0.1 - - [11/Jul/2025 18:20:35] "GET /websocket HTTP/1.1" 101 - 1 0.003 0.011
2025-07-11 18:20:35,129 8136 INFO odoo16_test werkzeug: 127.0.0.1 - - [11/Jul/2025 18:20:35] "GET /web/image?model=res.users&field=avatar_128&id=2 HTTP/1.1" 304 - 16 0.023 0.008
2025-07-11 18:20:36,537 8136 INFO odoo16_test werkzeug: 127.0.0.1 - - [11/Jul/2025 18:20:36] "GET /web/image/res.company/1/favicon HTTP/1.1" 304 - 10 0.007 1.063
2025-07-11 18:20:36,559 8136 INFO odoo16_test werkzeug: 127.0.0.1 - - [11/Jul/2025 18:20:36] "POST /web/action/load HTTP/1.1" 200 - 12 0.006 1.805
2025-07-11 18:20:36,996 8136 INFO odoo16_test werkzeug: 127.0.0.1 - - [11/Jul/2025 18:20:36] "POST /web/dataset/call_kw/ir.module.module/get_views HTTP/1.1" 200 - 43 0.041 0.087
2025-07-11 18:20:37,186 8136 INFO odoo16_test werkzeug: 127.0.0.1 - - [11/Jul/2025 18:20:37] "POST /web/dataset/call_kw/ir.module.module/search_panel_select_range HTTP/1.1" 200 - 41 0.038 0.021
2025-07-11 18:20:37,349 8136 INFO odoo16_test werkzeug: 127.0.0.1 - - [11/Jul/2025 18:20:37] "POST /web/dataset/call_kw/ir.module.module/web_search_read HTTP/1.1" 200 - 3 0.006 0.006
2025-07-11 18:20:41,338 8136 INFO odoo16_test werkzeug: 127.0.0.1 - - [11/Jul/2025 18:20:41] "POST /web/dataset/call_kw/ir.module.module/search_panel_select_range HTTP/1.1" 200 - 37 0.032 0.003
2025-07-11 18:20:41,672 8136 INFO odoo16_test werkzeug: 127.0.0.1 - - [11/Jul/2025 18:20:41] "POST /web/dataset/call_kw/ir.module.module/web_search_read HTTP/1.1" 200 - 2 0.003 0.004
2025-07-11 18:20:47,639 8136 INFO odoo16_test werkzeug: 127.0.0.1 - - [11/Jul/2025 18:20:47] "GET /web HTTP/1.1" 200 - 9 0.007 0.012
2025-07-11 18:20:47,949 8136 INFO odoo16_test werkzeug: 127.0.0.1 - - [11/Jul/2025 18:20:47] "POST /web/action/load HTTP/1.1" 200 - 10 0.009 0.008
2025-07-11 18:20:48,268 8136 INFO odoo16_test werkzeug: 127.0.0.1 - - [11/Jul/2025 18:20:48] "POST /web/dataset/call_kw/ir.module.module/get_views HTTP/1.1" 200 - 3 0.001 0.011
2025-07-11 18:20:48,298 8136 INFO odoo16_test werkzeug: 127.0.0.1 - - [11/Jul/2025 18:20:48] "GET /web/image?model=res.users&field=avatar_128&id=2 HTTP/1.1" 304 - 9 0.006 0.014
2025-07-11 18:20:48,328 8136 INFO odoo16_test werkzeug: 127.0.0.1 - - [11/Jul/2025 18:20:48] "POST /web/dataset/call_kw/ir.module.module/search_panel_select_range HTTP/1.1" 200 - 37 0.028 0.007
2025-07-11 18:20:48,602 8136 INFO odoo16_test werkzeug: 127.0.0.1 - - [11/Jul/2025 18:20:48] "POST /web/dataset/call_kw/ir.module.module/web_search_read HTTP/1.1" 200 - 3 0.003 0.008
2025-07-11 18:20:48,605 8136 INFO odoo16_test werkzeug: 127.0.0.1 - - [11/Jul/2025 18:20:48] "GET /web/image/res.company/1/favicon HTTP/1.1" 304 - 5 0.009 0.005
2025-07-11 18:20:48,630 8136 INFO odoo16_test werkzeug: 127.0.0.1 - - [11/Jul/2025 18:20:48] "GET /bus/websocket_worker_bundle?v=1.0.5 HTTP/1.1" 304 - 4 0.003 0.006
2025-07-11 18:20:49,079 8136 INFO odoo16_test werkzeug: 127.0.0.1 - - [11/Jul/2025 18:20:49] "GET /websocket HTTP/1.1" 101 - 1 0.001 0.005
